Archive member included to satisfy reference by file (symbol)

libee.a(ee_hal_structs.o)     obj/code.o (EE_IRQ_nesting_level)
libee.a(ee_utils.o)           obj/code.o (EE_system_init)
libee.a(ee_gnu_change_context_isr.o)
                              obj/code.o (EE_switch_context)
libee.a(ee_irqendin.o)        libee.a(ee_gnu_change_context_isr.o) (EE_IRQ_end_instance)
libee.a(ee_tstub.o)           obj/eecfg.o (EE_oo_thread_stub)
libee.a(ee_lookup.o)          libee.a(ee_irqendin.o) (EE_oo_IRQ_disable_count)
libee.a(ee_rq_exchg.o)        libee.a(ee_irqendin.o) (EE_rq2stk_exchange)
libee.a(ee_alsetrel.o)        obj/code.o (EE_oo_SetRelAlarm)
libee.a(ee_altick.o)          libee.a(ee_alsetrel.o) (EE_oo_counter_object_insert)
libee.a(ee_context.o)         libee.a(ee_gnu_change_context_isr.o) (EE_cortex_mx_change_context)
libee.a(ee_gnu_oo.o)          libee.a(ee_tstub.o) (EE_hal_terminate_savestk)
libee.a(ee_tnterm.o)          libee.a(ee_gnu_oo.o) (EE_thread_not_terminated)
libee.a(ee_rq_inser.o)        libee.a(ee_altick.o) (EE_rq_insert)
libee.a(ee_context.o)         libee.a(ee_context.o) (EE_std_run_task_code)
libee.a(ee_thendin.o)         libee.a(ee_context.o) (EE_thread_end_instance)
libstm32f4discovery.a(stm32f4_discovery_lcd.o)
                              obj/WidgetConfig.o (Font16x24)
libstm32f4xxspd.a(stm32f4xx_dma.o)
                              obj/STMPE811QTR.o (DMA_DeInit)
libstm32f4xxspd.a(stm32f4xx_fsmc.o)
                              libstm32f4discovery.a(stm32f4_discovery_lcd.o) (FSMC_NORSRAMDeInit)
libstm32f4xxspd.a(stm32f4xx_gpio.o)
                              obj/STMPE811QTR.o (GPIO_Init)
libstm32f4xxspd.a(stm32f4xx_i2c.o)
                              obj/STMPE811QTR.o (I2C_Init)
libstm32f4xxspd.a(stm32f4xx_rcc.o)
                              libstm32f4xxspd.a(stm32f4xx_i2c.o) (RCC_GetClocksFreq)
/Users/silviobacci/Applications/gcc-arm-none-eabi-5_4-2016q3/bin/../lib/gcc/arm-none-eabi/5.4.1/armv7e-m/libgcc.a(_arm_addsubdf3.o)
                              obj/Watch.o (__aeabi_dsub)
/Users/silviobacci/Applications/gcc-arm-none-eabi-5_4-2016q3/bin/../lib/gcc/arm-none-eabi/5.4.1/armv7e-m/libgcc.a(_arm_muldivdf3.o)
                              obj/Watch.o (__aeabi_dmul)
/Users/silviobacci/Applications/gcc-arm-none-eabi-5_4-2016q3/bin/../lib/gcc/arm-none-eabi/5.4.1/armv7e-m/libgcc.a(_arm_cmpdf2.o)
                              libstm32f4discovery.a(stm32f4_discovery_lcd.o) (__aeabi_dcmplt)
/Users/silviobacci/Applications/gcc-arm-none-eabi-5_4-2016q3/bin/../lib/gcc/arm-none-eabi/5.4.1/armv7e-m/libgcc.a(_arm_fixdfsi.o)
                              obj/Touch.o (__aeabi_d2iz)
/Users/silviobacci/Applications/gcc-arm-none-eabi-5_4-2016q3/bin/../lib/gcc/arm-none-eabi/5.4.1/armv7e-m/libgcc.a(_arm_fixunsdfsi.o)
                              obj/Watch.o (__aeabi_d2uiz)
/Users/silviobacci/Applications/gcc-arm-none-eabi-5_4-2016q3/bin/../lib/gcc/arm-none-eabi/5.4.1/armv7e-m/libgcc.a(_arm_truncdfsf2.o)
                              obj/Watch.o (__aeabi_d2f)
/Users/silviobacci/Applications/gcc-arm-none-eabi-5_4-2016q3/bin/../lib/gcc/arm-none-eabi/5.4.1/armv7e-m/libgcc.a(_arm_addsubsf3.o)
                              obj/Touch.o (__aeabi_fsub)
/Users/silviobacci/Applications/gcc-arm-none-eabi-5_4-2016q3/bin/../lib/gcc/arm-none-eabi/5.4.1/armv7e-m/libgcc.a(_arm_muldivsf3.o)
                              obj/Touch.o (__aeabi_fmul)
/Users/silviobacci/Applications/gcc-arm-none-eabi-5_4-2016q3/bin/../lib/gcc/arm-none-eabi/5.4.1/armv7e-m/libgcc.a(_arm_fixsfsi.o)
                              obj/Touch.o (__aeabi_f2iz)
/Users/silviobacci/Applications/gcc-arm-none-eabi-5_4-2016q3/bin/../lib/gcc/arm-none-eabi/5.4.1/armv7e-m/libgcc.a(_arm_fixunssfsi.o)
                              obj/Touch.o (__aeabi_f2uiz)
/Users/silviobacci/Applications/gcc-arm-none-eabi-5_4-2016q3/arm-none-eabi/lib/thumb/libc.a(lib_a-exit.o)
                              /Users/silviobacci/Applications/gcc-arm-none-eabi-5_4-2016q3/bin/../lib/gcc/arm-none-eabi/5.4.1/../../../../arm-none-eabi/lib/armv7e-m/crt0.o (exit)
/Users/silviobacci/Applications/gcc-arm-none-eabi-5_4-2016q3/arm-none-eabi/lib/thumb/libc.a(lib_a-impure.o)
                              /Users/silviobacci/Applications/gcc-arm-none-eabi-5_4-2016q3/arm-none-eabi/lib/thumb/libc.a(lib_a-exit.o) (_global_impure_ptr)
/Users/silviobacci/Applications/gcc-arm-none-eabi-5_4-2016q3/arm-none-eabi/lib/thumb/libc.a(lib_a-init.o)
                              /Users/silviobacci/Applications/gcc-arm-none-eabi-5_4-2016q3/bin/../lib/gcc/arm-none-eabi/5.4.1/../../../../arm-none-eabi/lib/armv7e-m/crt0.o (__libc_init_array)
/Users/silviobacci/Applications/gcc-arm-none-eabi-5_4-2016q3/arm-none-eabi/lib/thumb/libc.a(lib_a-memset.o)
                              /Users/silviobacci/Applications/gcc-arm-none-eabi-5_4-2016q3/bin/../lib/gcc/arm-none-eabi/5.4.1/../../../../arm-none-eabi/lib/armv7e-m/crt0.o (memset)
[...]
Memory Configuration

Name             Origin             Length             Attributes
FLASH            0x0000000008000000 0x0000000000100000 xr
RAM              0x0000000020000000 0x0000000000020000 xrw
CCM              0x0000000010000000 0x0000000000010000 xrw
MEMORY_B1        0x0000000060000000 0x0000000000000000 xr
*default*        0x0000000000000000 0xffffffffffffffff

Linker script and memory map

LOAD /Users/silviobacci/Applications/gcc-arm-none-eabi-5_4-2016q3/bin/../lib/gcc/arm-none-eabi/5.4.1/armv7e-m/crti.o
LOAD /Users/silviobacci/Applications/gcc-arm-none-eabi-5_4-2016q3/bin/../lib/gcc/arm-none-eabi/5.4.1/armv7e-m/crtbegin.o
LOAD /Users/silviobacci/Applications/gcc-arm-none-eabi-5_4-2016q3/bin/../lib/gcc/arm-none-eabi/5.4.1/../../../../arm-none-eabi/lib/armv7e-m/crt0.o
LOAD obj/Event.o
LOAD obj/STMPE811QTR.o
LOAD obj/StopWatch2016.o
LOAD obj/Touch.o
LOAD obj/Watch.o
LOAD obj/Widget.o
LOAD obj/WidgetConfig.o
LOAD obj/code.o
LOAD obj/debug.o
LOAD obj/eecfg.o
LOAD obj/pictures.o
LOAD obj/pkg/mcu/st_stm32_stm32f4xx/src/startup_stm32f4xx_gnu.o
LOAD obj/pkg/mcu/st_stm32_stm32f4xx/src/system_stm32f4xx.o
LOAD libee.a
LOAD libstm32f4discovery.a
LOAD libstm32f4xxspd.a
START GROUP
LOAD /Users/silviobacci/Applications/gcc-arm-none-eabi-5_4-2016q3/bin/../lib/gcc/arm-none-eabi/5.4.1/armv7e-m/libgcc.a
LOAD /Users/silviobacci/Applications/gcc-arm-none-eabi-5_4-2016q3/arm-none-eabi/lib/thumb/libc.a
LOAD /Users/silviobacci/Applications/gcc-arm-none-eabi-5_4-2016q3/arm-none-eabi/lib/thumb/libm.a
LOAD /Users/silviobacci/Applications/gcc-arm-none-eabi-5_4-2016q3/arm-none-eabi/lib/thumb/libnosys.a
END GROUP

.text           0x0000000008000000    0x4747c
 *(.isr_vector)
 .isr_vector    0x0000000008000000      0x188 obj/pkg/mcu/st_stm32_stm32f4xx/src/startup_stm32f4xx_gnu.o
                0x0000000008000000                __isr_vector
 *(.text*)
 .text          0x0000000008000188        0x0 /Users/silviobacci/Applications/gcc-arm-none-eabi-5_4-2016q3/bin/../lib/gcc/arm-none-eabi/5.4.1/armv7e-m/crti.o
 .text          0x0000000008000188       0x5c /Users/silviobacci/Applications/gcc-arm-none-eabi-5_4-2016q3/bin/../lib/gcc/arm-none-eabi/5.4.1/armv7e-m/crtbegin.o
 .text          0x00000000080001e4       0x74 /Users/silviobacci/Applications/gcc-arm-none-eabi-5_4-2016q3/bin/../lib/gcc/arm-none-eabi/5.4.1/../../../../arm-none-eabi/lib/armv7e-m/crt0.o
                0x00000000080001e4                _mainCRTStartup
                0x00000000080001e4                _start
 .text          0x0000000008000258        0x0 obj/Event.o
 .text          0x0000000008000258      0xe28 obj/STMPE811QTR.o
                0x0000000008000258                IOE_Config
                0x0000000008000290                IOE_ITConfig
                0x00000000080002d4                IOE_TS_GetState
                0x00000000080003a8                IOE_GetGITStatus
                0x00000000080003e8                IOE_ClearGITPending
                0x0000000008000410                IOE_GetIOITStatus
                0x000000000800044c                IOE_IsOperational
                0x0000000008000488                IOE_Reset
                0x00000000080004bc                IOE_ReadID
                0x00000000080004fc                IOE_FnctCmd
                0x0000000008000558                IOE_IOPinConfig
                0x00000000080005b4                IOE_GITCmd
                0x0000000008000600                IOE_GITConfig
                0x000000000800065c                IOE_IOITConfig
                0x00000000080006b8                IOE_TS_Config
                0x00000000080007b8                IOE_IOAFConfig
                0x0000000008000814                IOE_IOEdgeConfig
                0x00000000080008b4                IOE_ITOutConfig
                0x0000000008000900                I2C_WriteDeviceRegister
                0x0000000008000a70                I2C_ReadDeviceRegister
                0x0000000008000c38                I2C_ReadDataBuffer
                0x0000000008000e14                IOE_TS_Read_X
                0x0000000008000e60                IOE_TS_Read_Y
 .text          0x0000000008001080     0x1134 obj/StopWatch2016.o
                0x0000000008001cf0                StopWatch2016_step
                0x0000000008002090                StopWatch2016_initialize
                0x00000000080021a0                StopWatch2016_terminate
 .text          0x00000000080021b4      0x5d0 obj/Touch.o
                0x00000000080021b4                delay
                0x00000000080021e8                Draw_Calibration_Mark
                0x0000000008002234                Lcd_Touch_Calibration
                0x00000000080024d4                GetTouch_TC_Async
                0x0000000008002548                GetTouch_TC_Sync
                0x00000000080025b8                GetTouch_SC_Async
                0x0000000008002680                GetTouch_SC_Sync
                0x0000000008002748                InitTouch
 *fill*         0x0000000008002784        0x4 
 .text          0x0000000008002788      0x6e8 obj/Watch.o
                0x0000000008002788                drawTenths
                0x000000000800288c                drawSeconds
                0x000000000800298c                drawMinutes
                0x0000000008002aa4                drawHours
                0x0000000008002c04                drawTime
                0x0000000008002c60                drawCenter
                0x0000000008002c94                setTime
                0x0000000008002cd0                initTime
                0x0000000008002cfc                copyTime
                0x0000000008002d30                tickSeconds
                0x0000000008002dcc                updateClock
 .text          0x0000000008002e70      0x280 obj/Widget.o
                0x0000000008002e70                contains
                0x0000000008002ed0                OnTouch
                0x0000000008002f40                DrawInit
                0x0000000008002f74                DrawOn
                0x0000000008002fd4                DrawOff
                0x0000000008003034                WPrint
                0x00000000080030a8                WClear
 .text          0x00000000080030f0        0x0 obj/WidgetConfig.o
 .text          0x00000000080030f0      0xacc obj/code.o
                0x0000000008003124                systick_handler
                0x00000000080031f0                ISR2_systick_handler
                0x0000000008003200                FuncTaskLCD
                0x0000000008003240                strencode2digit
                0x000000000800329c                strencode1digit
                0x00000000080032e0                UpdateMode
                0x0000000008003518                blinkAlarm
                0x00000000080035a4                blinkHoursMinutes
                0x0000000008003680                FuncTaskClock
                0x0000000008003a14                main
 .text          0x0000000008003bbc       0x4c obj/debug.o
                0x0000000008003bbc                debuginfo
 .text          0x0000000008003c08       0x34 obj/eecfg.o
 .text          0x0000000008003c3c        0x0 obj/pictures.o
 .text          0x0000000008003c3c        0x0 obj/pkg/mcu/st_stm32_stm32f4xx/src/startup_stm32f4xx_gnu.o
 .text.EE_cortex_mx_default_reset_ISR
                0x0000000008003c3c       0x40 obj/pkg/mcu/st_stm32_stm32f4xx/src/startup_stm32f4xx_gnu.o
                0x0000000008003c3c                EE_cortex_mx_default_reset_ISR
 .text.EE_cortex_mx_default_ISR
                0x0000000008003c7c        0x4 obj/pkg/mcu/st_stm32_stm32f4xx/src/startup_stm32f4xx_gnu.o
                0x0000000008003c7c                EE_CORTEX_MX_DMA1_Stream7_ISR
                0x0000000008003c7c                EE_CORTEX_MX_USART6_ISR
                0x0000000008003c7c                EE_CORTEX_MX_DMA1_STREAM6_ISR
                0x0000000008003c7c                EE_CORTEX_MX_CRYP_ISR
                0x0000000008003c7c                EE_CORTEX_MX_DMA1_STREAM5_ISR
                0x0000000008003c7c                EE_CORTEX_MX_BUS_FAULT_ISR
                0x0000000008003c7c                EE_CORTEX_MX_PVD_ISR
                0x0000000008003c7c                EE_CORTEX_MX_SPI2_ISR
                0x0000000008003c7c                EE_CORTEX_MX_CAN1_RX1_ISR
                0x0000000008003c7c                EE_CORTEX_MX_DMA2_STREAM5_ISR
                0x0000000008003c7c                EE_CORTEX_MX_TIM6_DAC_ISR
                0x0000000008003c7c                EE_CORTEX_MX_I2C2_EV_ISR
                0x0000000008003c7c                EE_CORTEX_MX_TIM1_UP_TIM10_ISR
                0x0000000008003c7c                EE_CORTEX_MX_CAN1_RX0_ISR
                0x0000000008003c7c                EE_CORTEX_MX_USART1_ISR
                0x0000000008003c7c                EE_CORTEX_MX_TIM8_CC_ISR
                0x0000000008003c7c                EE_CORTEX_MX_RTC_Alarm_ISR
                0x0000000008003c7c                EE_CORTEX_MX_EXTI2_ISR
                0x0000000008003c7c                EE_CORTEX_MX_OTG_HS_ISR
                0x0000000008003c7c                EE_CORTEX_MX_DCMI_ISR
                0x0000000008003c7c                EE_CORTEX_MX_DMA2_STREAM0_ISR
                0x0000000008003c7c                EE_CORTEX_MX_SPI1_ISR
                0x0000000008003c7c                EE_cortex_mx_default_ISR
                0x0000000008003c7c                EE_CORTEX_MX_ETH_WKUP_ISR
                0x0000000008003c7c                EE_CORTEX_MX_TIM8_TRG_COM_TIM14_ISR
                0x0000000008003c7c                EE_CORTEX_MX_USAGE_FAULT_ISR
                0x0000000008003c7c                EE_CORTEX_MX_TIM7_ISR
                0x0000000008003c7c                EE_CORTEX_MX_TIM2_ISR
                0x0000000008003c7c                EE_CORTEX_MX_I2C1_EV_ISR
                0x0000000008003c7c                EE_CORTEX_MX_TIM1_TRG_COM_TIM11_ISR
                0x0000000008003c7c                EE_CORTEX_MX_UART5_ISR
                0x0000000008003c7c                EE_CORTEX_MX_UART4_ISR
                0x0000000008003c7c                EE_CORTEX_MX_NMI_ISR
                0x0000000008003c7c                EE_CORTEX_MX_TIM3_ISR
                0x0000000008003c7c                EE_CORTEX_MX_USART3_ISR
                0x0000000008003c7c                EE_CORTEX_MX_DMA2_STREAM4_ISR
                0x0000000008003c7c                EE_CORTEX_MX_EXTI4_ISR
                0x0000000008003c7c                EE_CORTEX_MX_ADC_ISR
                0x0000000008003c7c                EE_CORTEX_MX_OTG_HS_EP1_IN_ISR
                0x0000000008003c7c                EE_CORTEX_MX_DMA2_STREAM1_ISR
                0x0000000008003c7c                EE_CORTEX_MX_CAN1_TX_ISR
                0x0000000008003c7c                EE_CORTEX_MX_USART2_ISR
                0x0000000008003c7c                EE_CORTEX_MX_SDIO_ISR
                0x0000000008003c7c                EE_CORTEX_MX_I2C2_ER_ISR
                0x0000000008003c7c                EE_CORTEX_MX_I2C3_EV_ISR
                0x0000000008003c7c                EE_CORTEX_MX_HARD_FAULT_ISR
                0x0000000008003c7c                EE_CORTEX_MX_DMA1_STREAM3_ISR
                0x0000000008003c7c                EE_CORTEX_MX_OTG_HS_EP1_OUT_ISR
                0x0000000008003c7c                EE_CORTEX_MX_TIM8_BRK_TIM12_ISR
                0x0000000008003c7c                EE_CORTEX_MX_CAN1_SCE_ISR
                0x0000000008003c7c                EE_CORTEX_MX_DMA1_STREAM1_ISR
                0x0000000008003c7c                EE_CORTEX_MX_TIM4_ISR
                0x0000000008003c7c                EE_CORTEX_MX_DMA2_STREAM3_ISR
                0x0000000008003c7c                EE_CORTEX_MX_ETH_ISR
                0x0000000008003c7c                EE_CORTEX_MX_OTG_FS_ISR
                0x0000000008003c7c                EE_CORTEX_MX_CAN2_RX0_ISR
                0x0000000008003c7c                EE_CORTEX_MX_CAN2_SCE_ISR
                0x0000000008003c7c                EE_CORTEX_MX_FPU_ISR
                0x0000000008003c7c                EE_CORTEX_MX_RTC_WKUP_ISR
                0x0000000008003c7c                EE_CORTEX_MX_TIM8_UP_TIM13_ISR
                0x0000000008003c7c                EE_CORTEX_MX_OTG_FS_WKUP_ISR
                0x0000000008003c7c                EE_CORTEX_MX_DMA1_STREAM2_ISR
                0x0000000008003c7c                EE_CORTEX_MX_EXTI9_5_ISR
                0x0000000008003c7c                EE_CORTEX_MX_EXTI3_ISR
                0x0000000008003c7c                EE_CORTEX_MX_EXTI0_ISR
                0x0000000008003c7c                EE_CORTEX_MX_I2C1_ER_ISR
                0x0000000008003c7c                EE_CORTEX_MX_FLASH_ISR
                0x0000000008003c7c                EE_CORTEX_MX_OTG_HS_WKUP_ISR
                0x0000000008003c7c                EE_CORTEX_MX_TIM1_BRK_TIM9_ISR
                0x0000000008003c7c                EE_CORTEX_MX_I2C3_ER_ISR
                0x0000000008003c7c                EE_CORTEX_MX_TIM1_CC_ISR
                0x0000000008003c7c                EE_CORTEX_MX_SPI3_ISR
                0x0000000008003c7c                EE_CORTEX_MX_EXTI15_10_ISR
                0x0000000008003c7c                EE_CORTEX_MX_CAN2_TX_ISR
                0x0000000008003c7c                EE_CORTEX_MX_RCC_ISR
                0x0000000008003c7c                EE_CORTEX_MX_FSMC_ISR
                0x0000000008003c7c                EE_CORTEX_MX_DMA2_STREAM2_ISR
                0x0000000008003c7c                EE_CORTEX_MX_DMA2_STREAM7_ISR
                0x0000000008003c7c                EE_CORTEX_MX_EXTI1_ISR
                0x0000000008003c7c                EE_CORTEX_MX_DEBUG_MONITOR_ISR
                0x0000000008003c7c                EE_CORTEX_MX_WWDG_ISR
                0x0000000008003c7c                EE_CORTEX_MX_MPU_FAULT_ISR
                0x0000000008003c7c                EE_CORTEX_MX_HASH_RNG_ISR
                0x0000000008003c7c                EE_CORTEX_MX_DMA2_STREAM6_ISR
                0x0000000008003c7c                EE_CORTEX_MX_TIM5_ISR
                0x0000000008003c7c                EE_CORTEX_MX_DMA1_STREAM0_ISR
                0x0000000008003c7c                EE_CORTEX_MX_TAMP_STAMP_ISR
                0x0000000008003c7c                EE_CORTEX_MX_CAN2_RX1_ISR
                0x0000000008003c7c                EE_CORTEX_MX_DMA1_STREAM4_ISR
 .text._exit    0x0000000008003c80        0x6 obj/pkg/mcu/st_stm32_stm32f4xx/src/startup_stm32f4xx_gnu.o
                0x0000000008003c80                _exit
 *fill*         0x0000000008003c86        0x2 
 .text          0x0000000008003c88      0x248 obj/pkg/mcu/st_stm32_stm32f4xx/src/system_stm32f4xx.o
                0x0000000008003c88                SystemInit
                0x0000000008003ce4                SystemCoreClockUpdate
 .text          0x0000000008003ed0       0x34 libee.a(ee_hal_structs.o)
 .text          0x0000000008003f04       0x70 libee.a(ee_utils.o)
                0x0000000008003f38                EE_system_init
 .text          0x0000000008003f74       0x80 libee.a(ee_gnu_change_context_isr.o)
                0x0000000008003f74                EE_set_switch_context_pri
                0x0000000008003f8e                EE_switch_context
                0x0000000008003f98                EE_cortex_mx_pendsv_ISR
                0x0000000008003fd6                EE_cortex_mx_svc_ISR
 .text          0x0000000008003ff4      0x110 libee.a(ee_irqendin.o)
                0x0000000008004048                EE_IRQ_end_instance
                0x00000000080040dc                EE_IRQ_end_post_stub
 .text          0x0000000008004104       0x58 libee.a(ee_tstub.o)
                0x0000000008004138                EE_oo_thread_stub
 .text          0x000000000800415c       0x34 libee.a(ee_lookup.o)
 .text          0x0000000008004190       0x78 libee.a(ee_rq_exchg.o)
                0x00000000080041c4                EE_rq2stk_exchange
 .text          0x0000000008004208      0x160 libee.a(ee_alsetrel.o)
                0x000000000800423c                EE_oo_SetRelAlarm
 .text          0x0000000008004368      0x45c libee.a(ee_altick.o)
                0x000000000800439c                EE_oo_counter_object_insert
                0x0000000008004558                EE_oo_IncrementCounterImplementation
                0x00000000080046c0                EE_oo_IncrementCounterHardware
                0x00000000080046f4                EE_oo_IncrementCounter
 .text          0x00000000080047c4       0x54 libee.a(ee_context.o)
                0x00000000080047f8                EE_cortex_mx_change_context
 .text          0x0000000008004818       0x80 libee.a(ee_gnu_oo.o)
                0x0000000008004818                EE_hal_terminate_savestk
                0x0000000008004862                EE_hal_terminate_task
 .text          0x0000000008004898       0x4c libee.a(ee_tnterm.o)
                0x00000000080048cc                EE_thread_not_terminated
 .text          0x00000000080048e4       0xb4 libee.a(ee_rq_inser.o)
                0x0000000008004918                EE_rq_insert
 .text          0x0000000008004998       0x58 libee.a(ee_context.o)
                0x00000000080049cc                EE_std_run_task_code
 .text          0x00000000080049f0      0x194 libee.a(ee_thendin.o)
                0x0000000008004a44                EE_thread_end_instance
 .text          0x0000000008004b84     0x1c4c libstm32f4discovery.a(stm32f4_discovery_lcd.o)
                0x0000000008004b84                LCD_DeInit
                0x0000000008004dc8                LCD_CtrlLinesConfig
                0x0000000008004f44                LCD_FSMCConfig
                0x0000000008004fc8                STM32f4_Discovery_LCD_Init
                0x000000000800513c                LCD_SetCursor
                0x0000000008005168                LCD_WriteReg
                0x0000000008005198                LCD_ReadReg
                0x00000000080051c0                LCD_WriteRAM_Prepare
                0x00000000080051d4                LCD_WriteRAM
                0x00000000080051f4                LCD_ReadRAM
                0x000000000800520c                LCD_RGB_Test
                0x0000000008005274                LCD_SetColors
                0x00000000080052a8                LCD_GetColors
                0x00000000080052d8                LCD_SetTextColor
                0x00000000080052f8                LCD_SetBackColor
                0x0000000008005318                LCD_DisplayOff
                0x0000000008005324                LCD_DisplayOn
                0x0000000008005330                LCD_SetFont
                0x000000000800534c                LCD_GetFont
                0x0000000008005360                LCD_ClearLine
                0x000000000800539c                LCD_Clear
                0x00000000080053dc                LCD_DrawPicture
                0x00000000080054f0                LCD_DrawChar
                0x00000000080055f4                LCD_DrawCharXY
                0x0000000008005730                LCD_DisplayChar
                0x0000000008005774                LCD_DisplayCharXY
                0x00000000080057c4                LCD_DisplayStringXY
                0x0000000008005818                LCD_DisplayStringLine
                0x000000000800586c                LCD_SetDisplayWindow
                0x00000000080058f4                LCD_WindowModeDisable
                0x0000000008005900                LCD_DrawLine
                0x000000000800599c                LCD_DrawRect
                0x0000000008005a08                LCD_DrawFilledCircle
                0x0000000008005a78                LCD_DrawCircle
                0x0000000008005c34                LCD_DrawMonoPict
                0x0000000008005cbc                LCD_WriteBMP
                0x0000000008005d5c                LCD_DrawFilledRect
                0x0000000008005df0                LCD_DrawFullRect
                0x0000000008005eac                LCD_DrawFullCircle
                0x0000000008005fd4                LCD_DrawUniLine
                0x0000000008006154                LCD_PolyLine
                0x0000000008006260                LCD_ClosedPolyLine
                0x00000000080062bc                LCD_PolyLineRelative
                0x00000000080062dc                LCD_ClosedPolyLineRelative
                0x00000000080062fc                LCD_FillPolyLine
 .text          0x00000000080067d0      0x700 libstm32f4xxspd.a(stm32f4xx_dma.o)
                0x00000000080067d0                DMA_DeInit
                0x0000000008006974                DMA_Init
                0x0000000008006a20                DMA_StructInit
                0x0000000008006a8c                DMA_Cmd
                0x0000000008006ac4                DMA_PeriphIncOffsetSizeConfig
                0x0000000008006af8                DMA_FlowControllerConfig
                0x0000000008006b2c                DMA_SetCurrDataCounter
                0x0000000008006b48                DMA_GetCurrDataCounter
                0x0000000008006b60                DMA_DoubleBufferModeConfig
                0x0000000008006b9c                DMA_DoubleBufferModeCmd
                0x0000000008006bd4                DMA_MemoryTargetConfig
                0x0000000008006c00                DMA_GetCurrentMemoryTarget
                0x0000000008006c30                DMA_GetCmdStatus
                0x0000000008006c60                DMA_GetFIFOStatus
                0x0000000008006c84                DMA_GetFlagStatus
                0x0000000008006cf8                DMA_ClearFlag
                0x0000000008006d54                DMA_ITConfig
                0x0000000008006dc8                DMA_GetITStatus
                0x0000000008006e74                DMA_ClearITPendingBit
 .text          0x0000000008006ed0      0x948 libstm32f4xxspd.a(stm32f4xx_fsmc.o)
                0x0000000008006ed0                FSMC_NORSRAMDeInit
                0x0000000008006f28                FSMC_NORSRAMInit
                0x000000000800705c                FSMC_NORSRAMStructInit
                0x0000000008007130                FSMC_NORSRAMCmd
                0x0000000008007184                FSMC_NANDDeInit
                0x00000000080071e0                FSMC_NANDInit
                0x00000000080072ac                FSMC_NANDStructInit
                0x0000000008007328                FSMC_NANDCmd
                0x0000000008007394                FSMC_NANDECCCmd
                0x0000000008007400                FSMC_GetECC
                0x0000000008007434                FSMC_PCCARDDeInit
                0x0000000008007468                FSMC_PCCARDInit
                0x0000000008007514                FSMC_PCCARDStructInit
                0x0000000008007598                FSMC_PCCARDCmd
                0x00000000080075d4                FSMC_ITConfig
                0x0000000008007674                FSMC_GetFlagStatus
                0x00000000080076d8                FSMC_ClearFlag
                0x0000000008007734                FSMC_GetITStatus
                0x00000000080077b4                FSMC_ClearITPendingBit
 .text          0x0000000008007818      0x484 libstm32f4xxspd.a(stm32f4xx_gpio.o)
                0x0000000008007818                GPIO_DeInit
                0x0000000008007938                GPIO_Init
                0x0000000008007a54                GPIO_StructInit
                0x0000000008007a88                GPIO_PinLockConfig
                0x0000000008007acc                GPIO_ReadInputDataBit
                0x0000000008007b00                GPIO_ReadInputData
                0x0000000008007b18                GPIO_ReadOutputDataBit
                0x0000000008007b4c                GPIO_ReadOutputData
                0x0000000008007b64                GPIO_SetBits
                0x0000000008007b80                GPIO_ResetBits
                0x0000000008007b9c                GPIO_WriteBit
                0x0000000008007bcc                GPIO_Write
                0x0000000008007be8                GPIO_ToggleBits
                0x0000000008007c0c                GPIO_PinAFConfig
 .text          0x0000000008007c9c      0x980 libstm32f4xxspd.a(stm32f4xx_i2c.o)
                0x0000000008007c9c                I2C_DeInit
                0x0000000008007d10                I2C_Init
                0x0000000008007e94                I2C_StructInit
                0x0000000008007ed0                I2C_Cmd
                0x0000000008007f10                I2C_GenerateSTART
                0x0000000008007f50                I2C_GenerateSTOP
                0x0000000008007f90                I2C_Send7bitAddress
                0x0000000008007fcc                I2C_AcknowledgeConfig
                0x000000000800800c                I2C_OwnAddress2Config
                0x0000000008008050                I2C_DualAddressCmd
                0x0000000008008090                I2C_GeneralCallCmd
                0x00000000080080d0                I2C_SoftwareResetCmd
                0x0000000008008114                I2C_StretchClockCmd
                0x0000000008008154                I2C_FastModeDutyCycleConfig
                0x0000000008008194                I2C_NACKPositionConfig
                0x00000000080081d4                I2C_SMBusAlertConfig
                0x0000000008008214                I2C_ARPCmd
                0x0000000008008254                I2C_SendData
                0x0000000008008274                I2C_ReceiveData
                0x0000000008008290                I2C_TransmitPEC
                0x00000000080082d0                I2C_PECPositionConfig
                0x0000000008008310                I2C_CalculatePEC
                0x0000000008008350                I2C_GetPEC
                0x0000000008008370                I2C_DMACmd
                0x00000000080083b0                I2C_DMALastTransferCmd
                0x00000000080083f0                I2C_ReadRegister
                0x000000000800841c                I2C_ITConfig
                0x0000000008008464                I2C_CheckEvent
                0x00000000080084c4                I2C_GetLastEvent
                0x0000000008008508                I2C_GetFlagStatus
                0x000000000800856c                I2C_ClearFlag
                0x0000000008008598                I2C_GetITStatus
                0x00000000080085f0                I2C_ClearITPendingBit
 .text          0x000000000800861c      0xa78 libstm32f4xxspd.a(stm32f4xx_rcc.o)
                0x000000000800861c                RCC_DeInit
                0x000000000800866c                RCC_HSEConfig
                0x0000000008008690                RCC_WaitForHSEStartUp
                0x00000000080086e0                RCC_AdjustHSICalibrationValue
                0x000000000800871c                RCC_HSICmd
                0x000000000800873c                RCC_LSEConfig
                0x000000000800877c                RCC_LSICmd
                0x000000000800879c                RCC_PLLConfig
                0x00000000080087d8                RCC_PLLCmd
                0x00000000080087f8                RCC_PLLI2SConfig
                0x0000000008008820                RCC_PLLI2SCmd
                0x0000000008008840                RCC_ClockSecuritySystemCmd
                0x0000000008008860                RCC_MCO1Config
                0x000000000800889c                RCC_MCO2Config
                0x00000000080088d8                RCC_SYSCLKConfig
                0x0000000008008910                RCC_GetSYSCLKSource
                0x000000000800892c                RCC_HCLKConfig
                0x0000000008008964                RCC_PCLK1Config
                0x000000000800899c                RCC_PCLK2Config
                0x00000000080089d4                RCC_GetClocksFreq
                0x0000000008008b28                RCC_RTCCLKConfig
                0x0000000008008b84                RCC_RTCCLKCmd
                0x0000000008008ba4                RCC_BackupResetCmd
                0x0000000008008bc4                RCC_I2SCLKConfig
                0x0000000008008be0                RCC_AHB1PeriphClockCmd
                0x0000000008008c1c                RCC_AHB2PeriphClockCmd
                0x0000000008008c58                RCC_AHB3PeriphClockCmd
                0x0000000008008c94                RCC_APB1PeriphClockCmd
                0x0000000008008cd0                RCC_APB2PeriphClockCmd
                0x0000000008008d0c                RCC_AHB1PeriphResetCmd
                0x0000000008008d48                RCC_AHB2PeriphResetCmd
                0x0000000008008d84                RCC_AHB3PeriphResetCmd
                0x0000000008008dc0                RCC_APB1PeriphResetCmd
                0x0000000008008dfc                RCC_APB2PeriphResetCmd
                0x0000000008008e38                RCC_AHB1PeriphClockLPModeCmd
                0x0000000008008e74                RCC_AHB2PeriphClockLPModeCmd
                0x0000000008008eb0                RCC_AHB3PeriphClockLPModeCmd
                0x0000000008008eec                RCC_APB1PeriphClockLPModeCmd
                0x0000000008008f28                RCC_APB2PeriphClockLPModeCmd
                0x0000000008008f64                RCC_ITConfig
                0x0000000008008fb0                RCC_GetFlagStatus
                0x0000000008009024                RCC_ClearFlag
                0x0000000008009040                RCC_GetITStatus
                0x0000000008009074                RCC_ClearITPendingBit
 .text          0x0000000008009094      0x370 /Users/silviobacci/Applications/gcc-arm-none-eabi-5_4-2016q3/bin/../lib/gcc/arm-none-eabi/5.4.1/armv7e-m/libgcc.a(_arm_addsubdf3.o)
                0x0000000008009094                __aeabi_drsub
                0x000000000800909c                __subdf3
                0x000000000800909c                __aeabi_dsub
                0x00000000080090a0                __aeabi_dadd
                0x00000000080090a0                __adddf3
                0x0000000008009318                __aeabi_ui2d
                0x0000000008009318                __floatunsidf
                0x0000000008009338                __floatsidf
                0x0000000008009338                __aeabi_i2d
                0x000000000800935c                __extendsfdf2
                0x000000000800935c                __aeabi_f2d
                0x0000000008009398                __aeabi_ul2d
                0x0000000008009398                __floatundidf
                0x00000000080093a8                __aeabi_l2d
                0x00000000080093a8                __floatdidf
 .text          0x0000000008009404      0x424 /Users/silviobacci/Applications/gcc-arm-none-eabi-5_4-2016q3/bin/../lib/gcc/arm-none-eabi/5.4.1/armv7e-m/libgcc.a(_arm_muldivdf3.o)
                0x0000000008009404                __aeabi_dmul
                0x0000000008009404                __muldf3
                0x0000000008009658                __aeabi_ddiv
                0x0000000008009658                __divdf3
 .text          0x0000000008009828      0x110 /Users/silviobacci/Applications/gcc-arm-none-eabi-5_4-2016q3/bin/../lib/gcc/arm-none-eabi/5.4.1/armv7e-m/libgcc.a(_arm_cmpdf2.o)
                0x0000000008009828                __gtdf2
                0x0000000008009828                __gedf2
                0x0000000008009830                __ltdf2
                0x0000000008009830                __ledf2
                0x0000000008009838                __eqdf2
                0x0000000008009838                __nedf2
                0x0000000008009838                __cmpdf2
                0x00000000080098b4                __aeabi_cdrcmple
                0x00000000080098c4                __aeabi_cdcmple
                0x00000000080098c4                __aeabi_cdcmpeq
                0x00000000080098d4                __aeabi_dcmpeq
                0x00000000080098e8                __aeabi_dcmplt
                0x00000000080098fc                __aeabi_dcmple
                0x0000000008009910                __aeabi_dcmpge
                0x0000000008009924                __aeabi_dcmpgt
 .text          0x0000000008009938       0x50 /Users/silviobacci/Applications/gcc-arm-none-eabi-5_4-2016q3/bin/../lib/gcc/arm-none-eabi/5.4.1/armv7e-m/libgcc.a(_arm_fixdfsi.o)
                0x0000000008009938                __fixdfsi
                0x0000000008009938                __aeabi_d2iz
 .text          0x0000000008009988       0x40 /Users/silviobacci/Applications/gcc-arm-none-eabi-5_4-2016q3/bin/../lib/gcc/arm-none-eabi/5.4.1/armv7e-m/libgcc.a(_arm_fixunsdfsi.o)
                0x0000000008009988                __fixunsdfsi
                0x0000000008009988                __aeabi_d2uiz
 .text          0x00000000080099c8       0xa0 /Users/silviobacci/Applications/gcc-arm-none-eabi-5_4-2016q3/bin/../lib/gcc/arm-none-eabi/5.4.1/armv7e-m/libgcc.a(_arm_truncdfsf2.o)
                0x00000000080099c8                __aeabi_d2f
                0x00000000080099c8                __truncdfsf2
 .text          0x0000000008009a68      0x21c /Users/silviobacci/Applications/gcc-arm-none-eabi-5_4-2016q3/bin/../lib/gcc/arm-none-eabi/5.4.1/armv7e-m/libgcc.a(_arm_addsubsf3.o)
                0x0000000008009a68                __aeabi_frsub
                0x0000000008009a70                __aeabi_fsub
                0x0000000008009a70                __subsf3
                0x0000000008009a74                __aeabi_fadd
                0x0000000008009a74                __addsf3
                0x0000000008009bd4                __aeabi_ui2f
                0x0000000008009bd4                __floatunsisf
                0x0000000008009bdc                __floatsisf
                0x0000000008009bdc                __aeabi_i2f
                0x0000000008009bf8                __aeabi_ul2f
                0x0000000008009bf8                __floatundisf
                0x0000000008009c08                __aeabi_l2f
                0x0000000008009c08                __floatdisf
 .text          0x0000000008009c84      0x2a0 /Users/silviobacci/Applications/gcc-arm-none-eabi-5_4-2016q3/bin/../lib/gcc/arm-none-eabi/5.4.1/armv7e-m/libgcc.a(_arm_muldivsf3.o)
                0x0000000008009c84                __mulsf3
                0x0000000008009c84                __aeabi_fmul
                0x0000000008009dec                __divsf3
                0x0000000008009dec                __aeabi_fdiv
 .text          0x0000000008009f24       0x4c /Users/silviobacci/Applications/gcc-arm-none-eabi-5_4-2016q3/bin/../lib/gcc/arm-none-eabi/5.4.1/armv7e-m/libgcc.a(_arm_fixsfsi.o)
                0x0000000008009f24                __fixsfsi
                0x0000000008009f24                __aeabi_f2iz
 .text          0x0000000008009f70       0x40 /Users/silviobacci/Applications/gcc-arm-none-eabi-5_4-2016q3/bin/../lib/gcc/arm-none-eabi/5.4.1/armv7e-m/libgcc.a(_arm_fixunssfsi.o)
                0x0000000008009f70                __aeabi_f2uiz
                0x0000000008009f70                __fixunssfsi
 .text          0x0000000008009fb0        0x0 /Users/silviobacci/Applications/gcc-arm-none-eabi-5_4-2016q3/arm-none-eabi/lib/thumb/libc.a(lib_a-exit.o)
 .text.exit     0x0000000008009fb0       0x28 /Users/silviobacci/Applications/gcc-arm-none-eabi-5_4-2016q3/arm-none-eabi/lib/thumb/libc.a(lib_a-exit.o)
                0x0000000008009fb0                exit
 .text          0x0000000008009fd8        0x0 /Users/silviobacci/Applications/gcc-arm-none-eabi-5_4-2016q3/arm-none-eabi/lib/thumb/libc.a(lib_a-impure.o)
 .text          0x0000000008009fd8        0x0 /Users/silviobacci/Applications/gcc-arm-none-eabi-5_4-2016q3/arm-none-eabi/lib/thumb/libc.a(lib_a-init.o)
 .text.__libc_init_array
                0x0000000008009fd8       0x58 /Users/silviobacci/Applications/gcc-arm-none-eabi-5_4-2016q3/arm-none-eabi/lib/thumb/libc.a(lib_a-init.o)
                0x0000000008009fd8                __libc_init_array
 .text          0x000000000800a030        0x0 /Users/silviobacci/Applications/gcc-arm-none-eabi-5_4-2016q3/arm-none-eabi/lib/thumb/libc.a(lib_a-memset.o)
 .text.memset   0x000000000800a030       0x94 /Users/silviobacci/Applications/gcc-arm-none-eabi-5_4-2016q3/arm-none-eabi/lib/thumb/libc.a(lib_a-memset.o)
                0x000000000800a030                memset
 .text          0x000000000800a0c4        0x0 /Users/silviobacci/Applications/gcc-arm-none-eabi-5_4-2016q3/arm-none-eabi/lib/thumb/libc.a(lib_a-sprintf.o)
 .text._sprintf_r
                0x000000000800a0c4       0x40 /Users/silviobacci/Applications/gcc-arm-none-eabi-5_4-2016q3/arm-none-eabi/lib/thumb/libc.a(lib_a-sprintf.o)
                0x000000000800a0c4                _sprintf_r
 .text.sprintf  0x000000000800a104       0x44 /Users/silviobacci/Applications/gcc-arm-none-eabi-5_4-2016q3/arm-none-eabi/lib/thumb/libc.a(lib_a-sprintf.o)
                0x000000000800a104                sprintf
 .text          0x000000000800a148        0x0 /Users/silviobacci/Applications/gcc-arm-none-eabi-5_4-2016q3/arm-none-eabi/lib/thumb/libc.a(lib_a-svfprintf.o)
 .text._svfprintf_r
                0x000000000800a148     0x17ec /Users/silviobacci/Applications/gcc-arm-none-eabi-5_4-2016q3/arm-none-eabi/lib/thumb/libc.a(lib_a-svfprintf.o)
                0x000000000800a148                _svfprintf_r
 .text          0x000000000800b934        0x0 /Users/silviobacci/Applications/gcc-arm-none-eabi-5_4-2016q3/arm-none-eabi/lib/thumb/libc.a(lib_a-__call_atexit.o)
 .text.startup.register_fini
                0x000000000800b934       0x1c /Users/silviobacci/Applications/gcc-arm-none-eabi-5_4-2016q3/arm-none-eabi/lib/thumb/libc.a(lib_a-__call_atexit.o)
 .text.__call_exitprocs
                0x000000000800b950      0x10c /Users/silviobacci/Applications/gcc-arm-none-eabi-5_4-2016q3/arm-none-eabi/lib/thumb/libc.a(lib_a-__call_atexit.o)
                0x000000000800b950                __call_exitprocs
 .text          0x000000000800ba5c        0x0 /Users/silviobacci/Applications/gcc-arm-none-eabi-5_4-2016q3/arm-none-eabi/lib/thumb/libc.a(lib_a-atexit.o)
 .text.atexit   0x000000000800ba5c       0x14 /Users/silviobacci/Applications/gcc-arm-none-eabi-5_4-2016q3/arm-none-eabi/lib/thumb/libc.a(lib_a-atexit.o)
                0x000000000800ba5c                atexit
 .text          0x000000000800ba70        0x0 /Users/silviobacci/Applications/gcc-arm-none-eabi-5_4-2016q3/arm-none-eabi/lib/thumb/libc.a(lib_a-dtoa.o)
 .text.quorem   0x000000000800ba70      0x158 /Users/silviobacci/Applications/gcc-arm-none-eabi-5_4-2016q3/arm-none-eabi/lib/thumb/libc.a(lib_a-dtoa.o)
 .text._dtoa_r  0x000000000800bbc8      0xfd8 /Users/silviobacci/Applications/gcc-arm-none-eabi-5_4-2016q3/arm-none-eabi/lib/thumb/libc.a(lib_a-dtoa.o)
                0x000000000800bbc8                _dtoa_r
 .text          0x000000000800cba0        0x0 /Users/silviobacci/Applications/gcc-arm-none-eabi-5_4-2016q3/arm-none-eabi/lib/thumb/libc.a(lib_a-fini.o)
 .text.__libc_fini_array
                0x000000000800cba0       0x3c /Users/silviobacci/Applications/gcc-arm-none-eabi-5_4-2016q3/arm-none-eabi/lib/thumb/libc.a(lib_a-fini.o)
                0x000000000800cba0                __libc_fini_array
 .text          0x000000000800cbdc        0x0 /Users/silviobacci/Applications/gcc-arm-none-eabi-5_4-2016q3/arm-none-eabi/lib/thumb/libc.a(lib_a-localeconv.o)
 .text.__localeconv_l
                0x000000000800cbdc        0x4 /Users/silviobacci/Applications/gcc-arm-none-eabi-5_4-2016q3/arm-none-eabi/lib/thumb/libc.a(lib_a-localeconv.o)
                0x000000000800cbdc                __localeconv_l
 .text._localeconv_r
                0x000000000800cbe0       0x1c /Users/silviobacci/Applications/gcc-arm-none-eabi-5_4-2016q3/arm-none-eabi/lib/thumb/libc.a(lib_a-localeconv.o)
                0x000000000800cbe0                _localeconv_r
 .text.localeconv
                0x000000000800cbfc       0x1c /Users/silviobacci/Applications/gcc-arm-none-eabi-5_4-2016q3/arm-none-eabi/lib/thumb/libc.a(lib_a-localeconv.o)
                0x000000000800cbfc                localeconv
 .text          0x000000000800cc18        0x0 /Users/silviobacci/Applications/gcc-arm-none-eabi-5_4-2016q3/arm-none-eabi/lib/thumb/libc.a(lib_a-mallocr.o)
 .text._malloc_r
                0x000000000800cc18      0x564 /Users/silviobacci/Applications/gcc-arm-none-eabi-5_4-2016q3/arm-none-eabi/lib/thumb/libc.a(lib_a-mallocr.o)
                0x000000000800cc18                _malloc_r
 .text          0x000000000800d17c        0x0 /Users/silviobacci/Applications/gcc-arm-none-eabi-5_4-2016q3/arm-none-eabi/lib/thumb/libc.a(lib_a-memchr-stub.o)
 .text.memchr   0x000000000800d17c       0x94 /Users/silviobacci/Applications/gcc-arm-none-eabi-5_4-2016q3/arm-none-eabi/lib/thumb/libc.a(lib_a-memchr-stub.o)
                0x000000000800d17c                memchr
 .text          0x000000000800d210        0x0 /Users/silviobacci/Applications/gcc-arm-none-eabi-5_4-2016q3/arm-none-eabi/lib/thumb/libc.a(lib_a-memcpy-stub.o)
 .text.memcpy   0x000000000800d210       0x80 /Users/silviobacci/Applications/gcc-arm-none-eabi-5_4-2016q3/arm-none-eabi/lib/thumb/libc.a(lib_a-memcpy-stub.o)
                0x000000000800d210                memcpy
 .text          0x000000000800d290        0x0 /Users/silviobacci/Applications/gcc-arm-none-eabi-5_4-2016q3/arm-none-eabi/lib/thumb/libc.a(lib_a-mlock.o)
 .text.__malloc_lock
                0x000000000800d290        0x4 /Users/silviobacci/Applications/gcc-arm-none-eabi-5_4-2016q3/arm-none-eabi/lib/thumb/libc.a(lib_a-mlock.o)
                0x000000000800d290                __malloc_lock
 .text.__malloc_unlock
                0x000000000800d294        0x4 /Users/silviobacci/Applications/gcc-arm-none-eabi-5_4-2016q3/arm-none-eabi/lib/thumb/libc.a(lib_a-mlock.o)
                0x000000000800d294                __malloc_unlock
 .text          0x000000000800d298        0x0 /Users/silviobacci/Applications/gcc-arm-none-eabi-5_4-2016q3/arm-none-eabi/lib/thumb/libc.a(lib_a-mprec.o)
 .text._Balloc  0x000000000800d298       0x54 /Users/silviobacci/Applications/gcc-arm-none-eabi-5_4-2016q3/arm-none-eabi/lib/thumb/libc.a(lib_a-mprec.o)
                0x000000000800d298                _Balloc
 .text._Bfree   0x000000000800d2ec       0x14 /Users/silviobacci/Applications/gcc-arm-none-eabi-5_4-2016q3/arm-none-eabi/lib/thumb/libc.a(lib_a-mprec.o)
                0x000000000800d2ec                _Bfree
 .text.__multadd
                0x000000000800d300       0x94 /Users/silviobacci/Applications/gcc-arm-none-eabi-5_4-2016q3/arm-none-eabi/lib/thumb/libc.a(lib_a-mprec.o)
                0x000000000800d300                __multadd
 .text.__s2b    0x000000000800d394       0x94 /Users/silviobacci/Applications/gcc-arm-none-eabi-5_4-2016q3/arm-none-eabi/lib/thumb/libc.a(lib_a-mprec.o)
                0x000000000800d394                __s2b
 .text.__hi0bits
                0x000000000800d428       0x3c /Users/silviobacci/Applications/gcc-arm-none-eabi-5_4-2016q3/arm-none-eabi/lib/thumb/libc.a(lib_a-mprec.o)
                0x000000000800d428                __hi0bits
 .text.__lo0bits
                0x000000000800d464       0x5c /Users/silviobacci/Applications/gcc-arm-none-eabi-5_4-2016q3/arm-none-eabi/lib/thumb/libc.a(lib_a-mprec.o)
                0x000000000800d464                __lo0bits
 .text.__i2b    0x000000000800d4c0       0x18 /Users/silviobacci/Applications/gcc-arm-none-eabi-5_4-2016q3/arm-none-eabi/lib/thumb/libc.a(lib_a-mprec.o)
                0x000000000800d4c0                __i2b
 .text.__multiply
                0x000000000800d4d8      0x16c /Users/silviobacci/Applications/gcc-arm-none-eabi-5_4-2016q3/arm-none-eabi/lib/thumb/libc.a(lib_a-mprec.o)
                0x000000000800d4d8                __multiply
 .text.__pow5mult
                0x000000000800d644       0xc0 /Users/silviobacci/Applications/gcc-arm-none-eabi-5_4-2016q3/arm-none-eabi/lib/thumb/libc.a(lib_a-mprec.o)
                0x000000000800d644                __pow5mult
 .text.__lshift
                0x000000000800d704       0xc4 /Users/silviobacci/Applications/gcc-arm-none-eabi-5_4-2016q3/arm-none-eabi/lib/thumb/libc.a(lib_a-mprec.o)
                0x000000000800d704                __lshift
 .text.__mcmp   0x000000000800d7c8       0x40 /Users/silviobacci/Applications/gcc-arm-none-eabi-5_4-2016q3/arm-none-eabi/lib/thumb/libc.a(lib_a-mprec.o)
                0x000000000800d7c8                __mcmp
 .text.__mdiff  0x000000000800d808      0x120 /Users/silviobacci/Applications/gcc-arm-none-eabi-5_4-2016q3/arm-none-eabi/lib/thumb/libc.a(lib_a-mprec.o)
                0x000000000800d808                __mdiff
 .text.__ulp    0x000000000800d928       0x50 /Users/silviobacci/Applications/gcc-arm-none-eabi-5_4-2016q3/arm-none-eabi/lib/thumb/libc.a(lib_a-mprec.o)
                0x000000000800d928                __ulp
 .text.__b2d    0x000000000800d978       0xdc /Users/silviobacci/Applications/gcc-arm-none-eabi-5_4-2016q3/arm-none-eabi/lib/thumb/libc.a(lib_a-mprec.o)
                0x000000000800d978                __b2d
 .text.__d2b    0x000000000800da54       0xc0 /Users/silviobacci/Applications/gcc-arm-none-eabi-5_4-2016q3/arm-none-eabi/lib/thumb/libc.a(lib_a-mprec.o)
                0x000000000800da54                __d2b
 .text.__ratio  0x000000000800db14       0x78 /Users/silviobacci/Applications/gcc-arm-none-eabi-5_4-2016q3/arm-none-eabi/lib/thumb/libc.a(lib_a-mprec.o)
                0x000000000800db14                __ratio
 .text._mprec_log10
                0x000000000800db8c       0x38 /Users/silviobacci/Applications/gcc-arm-none-eabi-5_4-2016q3/arm-none-eabi/lib/thumb/libc.a(lib_a-mprec.o)
                0x000000000800db8c                _mprec_log10
 .text.__copybits
                0x000000000800dbc4       0x44 /Users/silviobacci/Applications/gcc-arm-none-eabi-5_4-2016q3/arm-none-eabi/lib/thumb/libc.a(lib_a-mprec.o)
                0x000000000800dbc4                __copybits
 .text.__any_on
                0x000000000800dc08       0x64 /Users/silviobacci/Applications/gcc-arm-none-eabi-5_4-2016q3/arm-none-eabi/lib/thumb/libc.a(lib_a-mprec.o)
                0x000000000800dc08                __any_on
 .text          0x000000000800dc6c        0x0 /Users/silviobacci/Applications/gcc-arm-none-eabi-5_4-2016q3/arm-none-eabi/lib/thumb/libc.a(lib_a-sbrkr.o)
 .text._sbrk_r  0x000000000800dc6c       0x28 /Users/silviobacci/Applications/gcc-arm-none-eabi-5_4-2016q3/arm-none-eabi/lib/thumb/libc.a(lib_a-sbrkr.o)
                0x000000000800dc6c                _sbrk_r
 .text          0x000000000800dc94        0x0 /Users/silviobacci/Applications/gcc-arm-none-eabi-5_4-2016q3/arm-none-eabi/lib/thumb/libc.a(lib_a-strlen-stub.o)
 .text.strlen   0x000000000800dc94       0x6c /Users/silviobacci/Applications/gcc-arm-none-eabi-5_4-2016q3/arm-none-eabi/lib/thumb/libc.a(lib_a-strlen-stub.o)
                0x000000000800dc94                strlen
 .text          0x000000000800dd00        0x0 /Users/silviobacci/Applications/gcc-arm-none-eabi-5_4-2016q3/arm-none-eabi/lib/thumb/libc.a(lib_a-svfiprintf.o)
 .text.__ssprint_r
                0x000000000800dd00      0x134 /Users/silviobacci/Applications/gcc-arm-none-eabi-5_4-2016q3/arm-none-eabi/lib/thumb/libc.a(lib_a-svfiprintf.o)
                0x000000000800dd00                __ssprint_r
 .text._svfiprintf_r
                0x000000000800de34      0xc60 /Users/silviobacci/Applications/gcc-arm-none-eabi-5_4-2016q3/arm-none-eabi/lib/thumb/libc.a(lib_a-svfiprintf.o)
                0x000000000800de34                _svfiprintf_r
 .text          0x000000000800ea94        0x0 /Users/silviobacci/Applications/gcc-arm-none-eabi-5_4-2016q3/arm-none-eabi/lib/thumb/libc.a(lib_a-__atexit.o)
 .text.__register_exitproc
                0x000000000800ea94       0xd8 /Users/silviobacci/Applications/gcc-arm-none-eabi-5_4-2016q3/arm-none-eabi/lib/thumb/libc.a(lib_a-__atexit.o)
                0x000000000800ea94                __register_exitproc
 .text          0x000000000800eb6c        0x0 /Users/silviobacci/Applications/gcc-arm-none-eabi-5_4-2016q3/arm-none-eabi/lib/thumb/libc.a(lib_a-callocr.o)
 .text._calloc_r
                0x000000000800eb6c       0x64 /Users/silviobacci/Applications/gcc-arm-none-eabi-5_4-2016q3/arm-none-eabi/lib/thumb/libc.a(lib_a-callocr.o)
                0x000000000800eb6c                _calloc_r
 .text          0x000000000800ebd0        0x0 /Users/silviobacci/Applications/gcc-arm-none-eabi-5_4-2016q3/arm-none-eabi/lib/thumb/libc.a(lib_a-freer.o)
 .text._malloc_trim_r
                0x000000000800ebd0       0xa4 /Users/silviobacci/Applications/gcc-arm-none-eabi-5_4-2016q3/arm-none-eabi/lib/thumb/libc.a(lib_a-freer.o)
                0x000000000800ebd0                _malloc_trim_r
 .text._free_r  0x000000000800ec74      0x1c8 /Users/silviobacci/Applications/gcc-arm-none-eabi-5_4-2016q3/arm-none-eabi/lib/thumb/libc.a(lib_a-freer.o)
                0x000000000800ec74                _free_r
 .text          0x000000000800ee3c        0x0 /Users/silviobacci/Applications/gcc-arm-none-eabi-5_4-2016q3/arm-none-eabi/lib/thumb/libc.a(lib_a-locale.o)
 .text.__get_current_locale
                0x000000000800ee3c       0x18 /Users/silviobacci/Applications/gcc-arm-none-eabi-5_4-2016q3/arm-none-eabi/lib/thumb/libc.a(lib_a-locale.o)
 .text._setlocale_r
                0x000000000800ee54       0x48 /Users/silviobacci/Applications/gcc-arm-none-eabi-5_4-2016q3/arm-none-eabi/lib/thumb/libc.a(lib_a-locale.o)
                0x000000000800ee54                _setlocale_r
 .text.__locale_mb_cur_max
                0x000000000800ee9c       0x20 /Users/silviobacci/Applications/gcc-arm-none-eabi-5_4-2016q3/arm-none-eabi/lib/thumb/libc.a(lib_a-locale.o)
                0x000000000800ee9c                __locale_mb_cur_max
 .text.__locale_ctype_ptr_l
                0x000000000800eebc        0x8 /Users/silviobacci/Applications/gcc-arm-none-eabi-5_4-2016q3/arm-none-eabi/lib/thumb/libc.a(lib_a-locale.o)
                0x000000000800eebc                __locale_ctype_ptr_l
 .text.__locale_ctype_ptr
                0x000000000800eec4       0x18 /Users/silviobacci/Applications/gcc-arm-none-eabi-5_4-2016q3/arm-none-eabi/lib/thumb/libc.a(lib_a-locale.o)
                0x000000000800eec4                __locale_ctype_ptr
 .text.setlocale
                0x000000000800eedc       0x1c /Users/silviobacci/Applications/gcc-arm-none-eabi-5_4-2016q3/arm-none-eabi/lib/thumb/libc.a(lib_a-locale.o)
                0x000000000800eedc                setlocale
 .text          0x000000000800eef8        0x0 /Users/silviobacci/Applications/gcc-arm-none-eabi-5_4-2016q3/arm-none-eabi/lib/thumb/libc.a(lib_a-mbtowc_r.o)
 .text._mbtowc_r
                0x000000000800eef8       0x34 /Users/silviobacci/Applications/gcc-arm-none-eabi-5_4-2016q3/arm-none-eabi/lib/thumb/libc.a(lib_a-mbtowc_r.o)
                0x000000000800eef8                _mbtowc_r
 .text.__ascii_mbtowc
                0x000000000800ef2c       0x2c /Users/silviobacci/Applications/gcc-arm-none-eabi-5_4-2016q3/arm-none-eabi/lib/thumb/libc.a(lib_a-mbtowc_r.o)
                0x000000000800ef2c                __ascii_mbtowc
 .text          0x000000000800ef58        0x0 /Users/silviobacci/Applications/gcc-arm-none-eabi-5_4-2016q3/arm-none-eabi/lib/thumb/libc.a(lib_a-memmove.o)
 .text.memmove  0x000000000800ef58       0x9c /Users/silviobacci/Applications/gcc-arm-none-eabi-5_4-2016q3/arm-none-eabi/lib/thumb/libc.a(lib_a-memmove.o)
                0x000000000800ef58                memmove
 .text          0x000000000800eff4        0x0 /Users/silviobacci/Applications/gcc-arm-none-eabi-5_4-2016q3/arm-none-eabi/lib/thumb/libc.a(lib_a-reallocr.o)
 .text._realloc_r
                0x000000000800eff4      0x3ec /Users/silviobacci/Applications/gcc-arm-none-eabi-5_4-2016q3/arm-none-eabi/lib/thumb/libc.a(lib_a-reallocr.o)
                0x000000000800eff4                _realloc_r
 .text          0x000000000800f3e0        0x0 /Users/silviobacci/Applications/gcc-arm-none-eabi-5_4-2016q3/arm-none-eabi/lib/thumb/libc.a(lib_a-reent.o)
 .text.cleanup_glue
                0x000000000800f3e0       0x20 /Users/silviobacci/Applications/gcc-arm-none-eabi-5_4-2016q3/arm-none-eabi/lib/thumb/libc.a(lib_a-reent.o)
                0x000000000800f3e0                cleanup_glue
 .text._reclaim_reent
                0x000000000800f400       0xa0 /Users/silviobacci/Applications/gcc-arm-none-eabi-5_4-2016q3/arm-none-eabi/lib/thumb/libc.a(lib_a-reent.o)
                0x000000000800f400                _reclaim_reent
 .text          0x000000000800f4a0      0x224 /Users/silviobacci/Applications/gcc-arm-none-eabi-5_4-2016q3/arm-none-eabi/lib/thumb/libc.a(lib_a-strcmp.o)
                0x000000000800f4a0                strcmp
 .text          0x000000000800f6c4        0x0 /Users/silviobacci/Applications/gcc-arm-none-eabi-5_4-2016q3/arm-none-eabi/lib/thumb/libc.a(lib_a-wctomb_r.o)
 .text._wctomb_r
                0x000000000800f6c4       0x2c /Users/silviobacci/Applications/gcc-arm-none-eabi-5_4-2016q3/arm-none-eabi/lib/thumb/libc.a(lib_a-wctomb_r.o)
                0x000000000800f6c4                _wctomb_r
 .text.__ascii_wctomb
                0x000000000800f6f0       0x1c /Users/silviobacci/Applications/gcc-arm-none-eabi-5_4-2016q3/arm-none-eabi/lib/thumb/libc.a(lib_a-wctomb_r.o)
                0x000000000800f6f0                __ascii_wctomb
 .text          0x000000000800f70c        0x0 /Users/silviobacci/Applications/gcc-arm-none-eabi-5_4-2016q3/arm-none-eabi/lib/thumb/libc.a(lib_a-ctype_.o)
 .text          0x000000000800f70c        0x0 /Users/silviobacci/Applications/gcc-arm-none-eabi-5_4-2016q3/arm-none-eabi/lib/thumb/libm.a(lib_a-s_cos.o)
 .text.cos      0x000000000800f70c       0x90 /Users/silviobacci/Applications/gcc-arm-none-eabi-5_4-2016q3/arm-none-eabi/lib/thumb/libm.a(lib_a-s_cos.o)
                0x000000000800f70c                cos
 .text          0x000000000800f79c        0x0 /Users/silviobacci/Applications/gcc-arm-none-eabi-5_4-2016q3/arm-none-eabi/lib/thumb/libm.a(lib_a-s_sin.o)
 .text.sin      0x000000000800f79c       0x94 /Users/silviobacci/Applications/gcc-arm-none-eabi-5_4-2016q3/arm-none-eabi/lib/thumb/libm.a(lib_a-s_sin.o)
                0x000000000800f79c                sin
 .text          0x000000000800f830        0x0 /Users/silviobacci/Applications/gcc-arm-none-eabi-5_4-2016q3/arm-none-eabi/lib/thumb/libm.a(lib_a-e_rem_pio2.o)
 .text.__ieee754_rem_pio2
                0x000000000800f830      0x410 /Users/silviobacci/Applications/gcc-arm-none-eabi-5_4-2016q3/arm-none-eabi/lib/thumb/libm.a(lib_a-e_rem_pio2.o)
                0x000000000800f830                __ieee754_rem_pio2
 .text          0x000000000800fc40        0x0 /Users/silviobacci/Applications/gcc-arm-none-eabi-5_4-2016q3/arm-none-eabi/lib/thumb/libm.a(lib_a-k_cos.o)
 .text.__kernel_cos
                0x000000000800fc40      0x238 /Users/silviobacci/Applications/gcc-arm-none-eabi-5_4-2016q3/arm-none-eabi/lib/thumb/libm.a(lib_a-k_cos.o)
                0x000000000800fc40                __kernel_cos
 .text          0x000000000800fe78        0x0 /Users/silviobacci/Applications/gcc-arm-none-eabi-5_4-2016q3/arm-none-eabi/lib/thumb/libm.a(lib_a-k_rem_pio2.o)
 .text.__kernel_rem_pio2
                0x000000000800fe78      0x8a8 /Users/silviobacci/Applications/gcc-arm-none-eabi-5_4-2016q3/arm-none-eabi/lib/thumb/libm.a(lib_a-k_rem_pio2.o)
                0x000000000800fe78                __kernel_rem_pio2
 .text          0x0000000008010720        0x0 /Users/silviobacci/Applications/gcc-arm-none-eabi-5_4-2016q3/arm-none-eabi/lib/thumb/libm.a(lib_a-k_sin.o)
 .text.__kernel_sin
                0x0000000008010720      0x164 /Users/silviobacci/Applications/gcc-arm-none-eabi-5_4-2016q3/arm-none-eabi/lib/thumb/libm.a(lib_a-k_sin.o)
                0x0000000008010720                __kernel_sin
 .text          0x0000000008010884        0x0 /Users/silviobacci/Applications/gcc-arm-none-eabi-5_4-2016q3/arm-none-eabi/lib/thumb/libm.a(lib_a-s_fabs.o)
 .text.fabs     0x0000000008010884        0x8 /Users/silviobacci/Applications/gcc-arm-none-eabi-5_4-2016q3/arm-none-eabi/lib/thumb/libm.a(lib_a-s_fabs.o)
                0x0000000008010884                fabs
 .text          0x000000000801088c        0x0 /Users/silviobacci/Applications/gcc-arm-none-eabi-5_4-2016q3/arm-none-eabi/lib/thumb/libm.a(lib_a-s_floor.o)
 .text.floor    0x000000000801088c      0x134 /Users/silviobacci/Applications/gcc-arm-none-eabi-5_4-2016q3/arm-none-eabi/lib/thumb/libm.a(lib_a-s_floor.o)
                0x000000000801088c                floor
 .text          0x00000000080109c0        0x0 /Users/silviobacci/Applications/gcc-arm-none-eabi-5_4-2016q3/arm-none-eabi/lib/thumb/libm.a(lib_a-s_scalbn.o)
 .text.scalbn   0x00000000080109c0       0xd4 /Users/silviobacci/Applications/gcc-arm-none-eabi-5_4-2016q3/arm-none-eabi/lib/thumb/libm.a(lib_a-s_scalbn.o)
                0x00000000080109c0                scalbn
 .text          0x0000000008010a94        0x0 /Users/silviobacci/Applications/gcc-arm-none-eabi-5_4-2016q3/arm-none-eabi/lib/thumb/libm.a(lib_a-s_copysign.o)
 .text.copysign
                0x0000000008010a94       0x14 /Users/silviobacci/Applications/gcc-arm-none-eabi-5_4-2016q3/arm-none-eabi/lib/thumb/libm.a(lib_a-s_copysign.o)
                0x0000000008010a94                copysign
 .text          0x0000000008010aa8        0x0 /Users/silviobacci/Applications/gcc-arm-none-eabi-5_4-2016q3/arm-none-eabi/lib/thumb/libnosys.a(sbrk.o)
 .text._sbrk    0x0000000008010aa8       0x1c /Users/silviobacci/Applications/gcc-arm-none-eabi-5_4-2016q3/arm-none-eabi/lib/thumb/libnosys.a(sbrk.o)
                0x0000000008010aa8                _sbrk
 .text          0x0000000008010ac4       0x24 /Users/silviobacci/Applications/gcc-arm-none-eabi-5_4-2016q3/bin/../lib/gcc/arm-none-eabi/5.4.1/armv7e-m/libgcc.a(_udivsi3.o)
                0x0000000008010ac4                __udivsi3
                0x0000000008010ac4                __aeabi_uidiv
                0x0000000008010ad8                __aeabi_uidivmod
 .text          0x0000000008010ae8       0x2c /Users/silviobacci/Applications/gcc-arm-none-eabi-5_4-2016q3/bin/../lib/gcc/arm-none-eabi/5.4.1/armv7e-m/libgcc.a(_divsi3.o)
                0x0000000008010ae8                __aeabi_idiv
                0x0000000008010ae8                __divsi3
                0x0000000008010b04                __aeabi_idivmod
 .text          0x0000000008010b14        0x4 /Users/silviobacci/Applications/gcc-arm-none-eabi-5_4-2016q3/bin/../lib/gcc/arm-none-eabi/5.4.1/armv7e-m/libgcc.a(_dvmd_tls.o)
                0x0000000008010b14                __aeabi_ldiv0
                0x0000000008010b14                __aeabi_idiv0
 .text          0x0000000008010b18       0x2c /Users/silviobacci/Applications/gcc-arm-none-eabi-5_4-2016q3/bin/../lib/gcc/arm-none-eabi/5.4.1/armv7e-m/libgcc.a(_arm_unorddf2.o)
                0x0000000008010b18                __aeabi_dcmpun
                0x0000000008010b18                __unorddf2
 .text          0x0000000008010b44       0x30 /Users/silviobacci/Applications/gcc-arm-none-eabi-5_4-2016q3/bin/../lib/gcc/arm-none-eabi/5.4.1/armv7e-m/libgcc.a(_aeabi_uldivmod.o)
                0x0000000008010b44                __aeabi_uldivmod
 .text          0x0000000008010b74      0x2e4 /Users/silviobacci/Applications/gcc-arm-none-eabi-5_4-2016q3/bin/../lib/gcc/arm-none-eabi/5.4.1/armv7e-m/libgcc.a(_udivmoddi4.o)
                0x0000000008010b74                __udivmoddi4
 .text          0x0000000008010e58        0x0 /Users/silviobacci/Applications/gcc-arm-none-eabi-5_4-2016q3/bin/../lib/gcc/arm-none-eabi/5.4.1/armv7e-m/crtend.o
 .text          0x0000000008010e58        0x0 /Users/silviobacci/Applications/gcc-arm-none-eabi-5_4-2016q3/bin/../lib/gcc/arm-none-eabi/5.4.1/armv7e-m/crtn.o
 *(.init)
 .init          0x0000000008010e58        0x4 /Users/silviobacci/Applications/gcc-arm-none-eabi-5_4-2016q3/bin/../lib/gcc/arm-none-eabi/5.4.1/armv7e-m/crti.o
                0x0000000008010e58                _init
 .init          0x0000000008010e5c        0x8 /Users/silviobacci/Applications/gcc-arm-none-eabi-5_4-2016q3/bin/../lib/gcc/arm-none-eabi/5.4.1/armv7e-m/crtn.o
 *(.fini)
 .fini          0x0000000008010e64        0x4 /Users/silviobacci/Applications/gcc-arm-none-eabi-5_4-2016q3/bin/../lib/gcc/arm-none-eabi/5.4.1/armv7e-m/crti.o
                0x0000000008010e64                _fini
 .fini          0x0000000008010e68        0x8 /Users/silviobacci/Applications/gcc-arm-none-eabi-5_4-2016q3/bin/../lib/gcc/arm-none-eabi/5.4.1/armv7e-m/crtn.o
 *crtbegin.o(.ctors)
 *crtbegin.o(.ctors)
 *crtbegin?.o(.ctors)
 *(EXCLUDE_FILE(*crtend.o *crtend?.o) .ctors)
 *(SORT(.ctors.*))
 *(.ctors)
 *crtbegin.o(.dtors)
 *crtbegin?.o(.dtors)
 *(EXCLUDE_FILE(*crtend.o *crtend?.o) .dtors)
 *(SORT(.dtors.*))
 *(.dtors)
 *(.rodata*)
 .rodata        0x0000000008010e70       0xf0 obj/WidgetConfig.o
                0x0000000008010e70                MyWatchScr
 .rodata        0x0000000008010f60        0x6 obj/code.o
 *fill*         0x0000000008010f66        0x2 
 .rodata        0x0000000008010f68       0x15 obj/debug.o
 *fill*         0x0000000008010f7d        0x3 
 .rodata        0x0000000008010f80       0x6c obj/eecfg.o
                0x0000000008010f80                EE_hal_thread_body
                0x0000000008010f88                EE_terminate_real_th_body
                0x0000000008010f90                EE_th_ready_prio
                0x0000000008010f98                EE_th_dispatch_prio
                0x0000000008010fa0                EE_counter_ROM
                0x0000000008010fac                EE_alarm_ROM
                0x0000000008010fb4                EE_oo_counter_object_ROM
                0x0000000008010fcc                EE_oo_action_ROM
 .rodata        0x0000000008010fec    0x33346 obj/pictures.o
                0x0000000008010fec                ImageBuffer
                0x0000000008036824                icontime_on
                0x0000000008037678                icontime_off
                0x00000000080384cc                icontimeset_on
                0x0000000008039320                icontimeset_off
                0x000000000803a174                iconalarm_on
                0x000000000803afc8                iconalarm_off
                0x000000000803be1c                iconswatch_on
                0x000000000803cc70                iconswatch_off
                0x000000000803dac4                hoursBground
                0x000000000803ea6c                minutesBground
                0x000000000803fa14                secondsBground
                0x00000000080409bc                tenthsBground
                0x0000000008041214                sep1Bground
                0x0000000008041a6c                sep2Bground
                0x00000000080422c4                sep3Bground
                0x0000000008042b1c                alarmON
                0x0000000008043324                alarmOFF
                0x0000000008043b2c                emptySpace
 *fill*         0x0000000008044332        0x2 
 .rodata        0x0000000008044334     0x29d0 libstm32f4discovery.a(stm32f4_discovery_lcd.o)
                0x0000000008044334                ASCII16x24_Table
                0x0000000008045504                ASCII12x12_Table
                0x0000000008045e04                ASCII8x12_Table
                0x0000000008046704                ASCII8x8_Table
 .rodata._global_impure_ptr
                0x0000000008046d04        0x4 /Users/silviobacci/Applications/gcc-arm-none-eabi-5_4-2016q3/arm-none-eabi/lib/thumb/libc.a(lib_a-impure.o)
                0x0000000008046d04                _global_impure_ptr
 .rodata._svfprintf_r
                0x0000000008046d08      0x164 /Users/silviobacci/Applications/gcc-arm-none-eabi-5_4-2016q3/arm-none-eabi/lib/thumb/libc.a(lib_a-svfprintf.o)
 .rodata.zeroes.7256
                0x0000000008046e6c       0x10 /Users/silviobacci/Applications/gcc-arm-none-eabi-5_4-2016q3/arm-none-eabi/lib/thumb/libc.a(lib_a-svfprintf.o)
 .rodata.str1.4
                0x0000000008046e7c       0x42 /Users/silviobacci/Applications/gcc-arm-none-eabi-5_4-2016q3/arm-none-eabi/lib/thumb/libc.a(lib_a-svfprintf.o)
 *fill*         0x0000000008046ebe        0x2 
 .rodata.blanks.7255
                0x0000000008046ec0       0x10 /Users/silviobacci/Applications/gcc-arm-none-eabi-5_4-2016q3/arm-none-eabi/lib/thumb/libc.a(lib_a-svfprintf.o)
 .rodata.str1.4
                0x0000000008046ed0       0x10 /Users/silviobacci/Applications/gcc-arm-none-eabi-5_4-2016q3/arm-none-eabi/lib/thumb/libc.a(lib_a-dtoa.o)
                                         0x12 (size before relaxing)
 .rodata.__mprec_tens
                0x0000000008046ee0       0xc8 /Users/silviobacci/Applications/gcc-arm-none-eabi-5_4-2016q3/arm-none-eabi/lib/thumb/libc.a(lib_a-mprec.o)
                0x0000000008046ee0                __mprec_tens
 .rodata.p05.6085
                0x0000000008046fa8        0xc /Users/silviobacci/Applications/gcc-arm-none-eabi-5_4-2016q3/arm-none-eabi/lib/thumb/libc.a(lib_a-mprec.o)
 *fill*         0x0000000008046fb4        0x4 
 .rodata.__mprec_bigtens
                0x0000000008046fb8       0x28 /Users/silviobacci/Applications/gcc-arm-none-eabi-5_4-2016q3/arm-none-eabi/lib/thumb/libc.a(lib_a-mprec.o)
                0x0000000008046fb8                __mprec_bigtens
 .rodata.__mprec_tinytens
                0x0000000008046fe0       0x28 /Users/silviobacci/Applications/gcc-arm-none-eabi-5_4-2016q3/arm-none-eabi/lib/thumb/libc.a(lib_a-mprec.o)
                0x0000000008046fe0                __mprec_tinytens
 .rodata._svfiprintf_r
                0x0000000008047008      0x164 /Users/silviobacci/Applications/gcc-arm-none-eabi-5_4-2016q3/arm-none-eabi/lib/thumb/libc.a(lib_a-svfiprintf.o)
 .rodata.blanks.7235
                0x000000000804716c       0x10 /Users/silviobacci/Applications/gcc-arm-none-eabi-5_4-2016q3/arm-none-eabi/lib/thumb/libc.a(lib_a-svfiprintf.o)
 .rodata.str1.4
                0x000000000804717c       0x2f /Users/silviobacci/Applications/gcc-arm-none-eabi-5_4-2016q3/arm-none-eabi/lib/thumb/libc.a(lib_a-svfiprintf.o)
 .rodata.zeroes.7236
                0x000000000804717c       0x10 /Users/silviobacci/Applications/gcc-arm-none-eabi-5_4-2016q3/arm-none-eabi/lib/thumb/libc.a(lib_a-svfiprintf.o)
 .rodata.str1.4
                0x000000000804718c       0x10 /Users/silviobacci/Applications/gcc-arm-none-eabi-5_4-2016q3/arm-none-eabi/lib/thumb/libc.a(lib_a-locale.o)
                                         0x12 (size before relaxing)
 .rodata._ctype_
                0x000000000804719c      0x101 /Users/silviobacci/Applications/gcc-arm-none-eabi-5_4-2016q3/arm-none-eabi/lib/thumb/libc.a(lib_a-ctype_.o)
                0x000000000804719c                _ctype_
 *fill*         0x000000000804729d        0x3 
 .rodata.npio2_hw
                0x00000000080472a0       0x80 /Users/silviobacci/Applications/gcc-arm-none-eabi-5_4-2016q3/arm-none-eabi/lib/thumb/libm.a(lib_a-e_rem_pio2.o)
 .rodata.two_over_pi
                0x0000000008047320      0x108 /Users/silviobacci/Applications/gcc-arm-none-eabi-5_4-2016q3/arm-none-eabi/lib/thumb/libm.a(lib_a-e_rem_pio2.o)
 .rodata.init_jk
                0x0000000008047428       0x10 /Users/silviobacci/Applications/gcc-arm-none-eabi-5_4-2016q3/arm-none-eabi/lib/thumb/libm.a(lib_a-k_rem_pio2.o)
 .rodata.PIo2   0x0000000008047438       0x40 /Users/silviobacci/Applications/gcc-arm-none-eabi-5_4-2016q3/arm-none-eabi/lib/thumb/libm.a(lib_a-k_rem_pio2.o)
 *(.eh_frame*)
 .eh_frame      0x0000000008047478        0x0 /Users/silviobacci/Applications/gcc-arm-none-eabi-5_4-2016q3/bin/../lib/gcc/arm-none-eabi/5.4.1/armv7e-m/crtbegin.o
 .eh_frame      0x0000000008047478        0x4 /Users/silviobacci/Applications/gcc-arm-none-eabi-5_4-2016q3/bin/../lib/gcc/arm-none-eabi/5.4.1/armv7e-m/crtend.o

.glue_7         0x000000000804747c        0x0
 .glue_7        0x000000000804747c        0x0 linker stubs

.glue_7t        0x000000000804747c        0x0
 .glue_7t       0x000000000804747c        0x0 linker stubs

.vfp11_veneer   0x000000000804747c        0x0
 .vfp11_veneer  0x000000000804747c        0x0 linker stubs

.v4_bx          0x000000000804747c        0x0
 .v4_bx         0x000000000804747c        0x0 linker stubs

.iplt           0x000000000804747c        0x0
 .iplt          0x000000000804747c        0x0 /Users/silviobacci/Applications/gcc-arm-none-eabi-5_4-2016q3/bin/../lib/gcc/arm-none-eabi/5.4.1/armv7e-m/crtbegin.o

.ARM.extab      0x000000000804747c        0x0
 *(.ARM.extab* .gnu.linkonce.armextab.*)
 .ARM.extab     0x000000000804747c        0x0 /Users/silviobacci/Applications/gcc-arm-none-eabi-5_4-2016q3/bin/../lib/gcc/arm-none-eabi/5.4.1/../../../../arm-none-eabi/lib/armv7e-m/crt0.o
 .ARM.extab     0x000000000804747c        0x0 /Users/silviobacci/Applications/gcc-arm-none-eabi-5_4-2016q3/bin/../lib/gcc/arm-none-eabi/5.4.1/armv7e-m/libgcc.a(_udivmoddi4.o)
                0x000000000804747c                __exidx_start = .

.ARM.exidx      0x000000000804747c        0x8
 *(.ARM.exidx* .gnu.linkonce.armexidx.*)
 .ARM.exidx     0x000000000804747c        0x8 /Users/silviobacci/Applications/gcc-arm-none-eabi-5_4-2016q3/bin/../lib/gcc/arm-none-eabi/5.4.1/../../../../arm-none-eabi/lib/armv7e-m/crt0.o
 .ARM.exidx     0x0000000008047484        0x0 /Users/silviobacci/Applications/gcc-arm-none-eabi-5_4-2016q3/bin/../lib/gcc/arm-none-eabi/5.4.1/armv7e-m/libgcc.a(_udivmoddi4.o)
                                          0x8 (size before relaxing)
                0x0000000008047484                __exidx_end = .
                0x0000000008047484                __etext = .

.rel.dyn        0x0000000008047484        0x0
 .rel.iplt      0x0000000008047484        0x0 /Users/silviobacci/Applications/gcc-arm-none-eabi-5_4-2016q3/bin/../lib/gcc/arm-none-eabi/5.4.1/armv7e-m/crtbegin.o

.data           0x0000000020000000      0xb50 load address 0x0000000008047484
                0x0000000020000000                __data_start__ = .
 *(vtable)
 *(.data*)
 .data          0x0000000020000000        0x0 /Users/silviobacci/Applications/gcc-arm-none-eabi-5_4-2016q3/bin/../lib/gcc/arm-none-eabi/5.4.1/armv7e-m/crti.o
 .data          0x0000000020000000        0x4 /Users/silviobacci/Applications/gcc-arm-none-eabi-5_4-2016q3/bin/../lib/gcc/arm-none-eabi/5.4.1/armv7e-m/crtbegin.o
                0x0000000020000000                __dso_handle
 .data          0x0000000020000004        0x0 /Users/silviobacci/Applications/gcc-arm-none-eabi-5_4-2016q3/bin/../lib/gcc/arm-none-eabi/5.4.1/../../../../arm-none-eabi/lib/armv7e-m/crt0.o
 .data          0x0000000020000004        0x0 obj/Event.o
 .data          0x0000000020000004        0x4 obj/STMPE811QTR.o
                0x0000000020000004                IOE_TimeOut
 .data          0x0000000020000008        0x0 obj/StopWatch2016.o
 .data          0x0000000020000008       0x14 obj/Touch.o
 .data          0x000000002000001c        0x0 obj/Watch.o
 .data          0x000000002000001c        0x0 obj/Widget.o
 .data          0x000000002000001c       0xc8 obj/WidgetConfig.o
                0x000000002000001c                buttontime
                0x0000000020000028                buttontimeset
                0x0000000020000034                buttonalarm
                0x0000000020000040                buttonswatch
                0x000000002000004c                buttonplus
                0x0000000020000058                buttonminus
                0x0000000020000064                buttonOnOff
                0x0000000020000070                hoursTxt
                0x0000000020000080                minutesTxt
                0x0000000020000090                secondsTxt
                0x00000000200000a0                tenthsTxt
                0x00000000200000b0                sep1Txt
                0x00000000200000c0                sep2Txt
                0x00000000200000d0                sep3Txt
                0x00000000200000e0                backg
 .data          0x00000000200000e4        0x5 obj/code.o
 .data          0x00000000200000e9        0x0 obj/debug.o
 *fill*         0x00000000200000e9        0x3 
 .data          0x00000000200000ec       0x30 obj/eecfg.o
                0x00000000200000ec                EE_th_status
                0x00000000200000f4                EE_th_next
                0x00000000200000fc                EE_stkfirst
                0x0000000020000100                EE_th_rnact
                0x0000000020000108                EE_rq_first
                0x000000002000010c                EE_th_terminate_nextask
                0x0000000020000114                EE_counter_RAM
 .data          0x000000002000011c        0x0 obj/pictures.o
 .data          0x000000002000011c        0x0 obj/pkg/mcu/st_stm32_stm32f4xx/src/startup_stm32f4xx_gnu.o
 .data          0x000000002000011c       0x14 obj/pkg/mcu/st_stm32_stm32f4xx/src/system_stm32f4xx.o
                0x000000002000011c                SystemCoreClock
                0x0000000020000120                AHBPrescTable
 .data          0x0000000020000130        0x0 libee.a(ee_hal_structs.o)
 .data          0x0000000020000130        0x0 libee.a(ee_utils.o)
 .data          0x0000000020000130        0x0 libee.a(ee_gnu_change_context_isr.o)
 .data          0x0000000020000130        0x0 libee.a(ee_irqendin.o)
 .data          0x0000000020000130        0x0 libee.a(ee_tstub.o)
 .data          0x0000000020000130        0x0 libee.a(ee_lookup.o)
 .data          0x0000000020000130        0x0 libee.a(ee_rq_exchg.o)
 .data          0x0000000020000130        0x0 libee.a(ee_alsetrel.o)
 .data          0x0000000020000130        0x0 libee.a(ee_altick.o)
 .data          0x0000000020000130        0x0 libee.a(ee_context.o)
 .data          0x0000000020000130        0x0 libee.a(ee_gnu_oo.o)
 .data          0x0000000020000130        0x0 libee.a(ee_tnterm.o)
 .data          0x0000000020000130        0x0 libee.a(ee_rq_inser.o)
 .data          0x0000000020000130        0x0 libee.a(ee_context.o)
 .data          0x0000000020000130        0x0 libee.a(ee_thendin.o)
 .data          0x0000000020000130       0x56 libstm32f4discovery.a(stm32f4_discovery_lcd.o)
                0x0000000020000130                Font48x72
                0x000000002000013c                Font32x48
                0x0000000020000148                Font24x36
                0x0000000020000154                Font16x24
                0x0000000020000160                Font12x12
                0x000000002000016c                Font8x12
                0x0000000020000178                Font8x8
 .data          0x0000000020000186        0x0 libstm32f4xxspd.a(stm32f4xx_dma.o)
 .data          0x0000000020000186        0x0 libstm32f4xxspd.a(stm32f4xx_fsmc.o)
 .data          0x0000000020000186        0x0 libstm32f4xxspd.a(stm32f4xx_gpio.o)
 .data          0x0000000020000186        0x0 libstm32f4xxspd.a(stm32f4xx_i2c.o)
 *fill*         0x0000000020000186        0x2 
 .data          0x0000000020000188       0x10 libstm32f4xxspd.a(stm32f4xx_rcc.o)
 .data          0x0000000020000198        0x0 /Users/silviobacci/Applications/gcc-arm-none-eabi-5_4-2016q3/bin/../lib/gcc/arm-none-eabi/5.4.1/armv7e-m/libgcc.a(_arm_addsubdf3.o)
 .data          0x0000000020000198        0x0 /Users/silviobacci/Applications/gcc-arm-none-eabi-5_4-2016q3/bin/../lib/gcc/arm-none-eabi/5.4.1/armv7e-m/libgcc.a(_arm_muldivdf3.o)
 .data          0x0000000020000198        0x0 /Users/silviobacci/Applications/gcc-arm-none-eabi-5_4-2016q3/bin/../lib/gcc/arm-none-eabi/5.4.1/armv7e-m/libgcc.a(_arm_cmpdf2.o)
 .data          0x0000000020000198        0x0 /Users/silviobacci/Applications/gcc-arm-none-eabi-5_4-2016q3/bin/../lib/gcc/arm-none-eabi/5.4.1/armv7e-m/libgcc.a(_arm_fixdfsi.o)
 .data          0x0000000020000198        0x0 /Users/silviobacci/Applications/gcc-arm-none-eabi-5_4-2016q3/bin/../lib/gcc/arm-none-eabi/5.4.1/armv7e-m/libgcc.a(_arm_fixunsdfsi.o)
 .data          0x0000000020000198        0x0 /Users/silviobacci/Applications/gcc-arm-none-eabi-5_4-2016q3/bin/../lib/gcc/arm-none-eabi/5.4.1/armv7e-m/libgcc.a(_arm_truncdfsf2.o)
 .data          0x0000000020000198        0x0 /Users/silviobacci/Applications/gcc-arm-none-eabi-5_4-2016q3/bin/../lib/gcc/arm-none-eabi/5.4.1/armv7e-m/libgcc.a(_arm_addsubsf3.o)
 .data          0x0000000020000198        0x0 /Users/silviobacci/Applications/gcc-arm-none-eabi-5_4-2016q3/bin/../lib/gcc/arm-none-eabi/5.4.1/armv7e-m/libgcc.a(_arm_muldivsf3.o)
 .data          0x0000000020000198        0x0 /Users/silviobacci/Applications/gcc-arm-none-eabi-5_4-2016q3/bin/../lib/gcc/arm-none-eabi/5.4.1/armv7e-m/libgcc.a(_arm_fixsfsi.o)
 .data          0x0000000020000198        0x0 /Users/silviobacci/Applications/gcc-arm-none-eabi-5_4-2016q3/bin/../lib/gcc/arm-none-eabi/5.4.1/armv7e-m/libgcc.a(_arm_fixunssfsi.o)
 .data          0x0000000020000198        0x0 /Users/silviobacci/Applications/gcc-arm-none-eabi-5_4-2016q3/arm-none-eabi/lib/thumb/libc.a(lib_a-exit.o)
 .data          0x0000000020000198        0x0 /Users/silviobacci/Applications/gcc-arm-none-eabi-5_4-2016q3/arm-none-eabi/lib/thumb/libc.a(lib_a-impure.o)
 .data.impure_data
                0x0000000020000198      0x428 /Users/silviobacci/Applications/gcc-arm-none-eabi-5_4-2016q3/arm-none-eabi/lib/thumb/libc.a(lib_a-impure.o)
 .data._impure_ptr
                0x00000000200005c0        0x4 /Users/silviobacci/Applications/gcc-arm-none-eabi-5_4-2016q3/arm-none-eabi/lib/thumb/libc.a(lib_a-impure.o)
                0x00000000200005c0                _impure_ptr
 .data          0x00000000200005c4        0x0 /Users/silviobacci/Applications/gcc-arm-none-eabi-5_4-2016q3/arm-none-eabi/lib/thumb/libc.a(lib_a-init.o)
 .data          0x00000000200005c4        0x0 /Users/silviobacci/Applications/gcc-arm-none-eabi-5_4-2016q3/arm-none-eabi/lib/thumb/libc.a(lib_a-memset.o)
 .data          0x00000000200005c4        0x0 /Users/silviobacci/Applications/gcc-arm-none-eabi-5_4-2016q3/arm-none-eabi/lib/thumb/libc.a(lib_a-sprintf.o)
 .data          0x00000000200005c4        0x0 /Users/silviobacci/Applications/gcc-arm-none-eabi-5_4-2016q3/arm-none-eabi/lib/thumb/libc.a(lib_a-svfprintf.o)
 .data          0x00000000200005c4        0x0 /Users/silviobacci/Applications/gcc-arm-none-eabi-5_4-2016q3/arm-none-eabi/lib/thumb/libc.a(lib_a-__call_atexit.o)
 .data          0x00000000200005c4        0x0 /Users/silviobacci/Applications/gcc-arm-none-eabi-5_4-2016q3/arm-none-eabi/lib/thumb/libc.a(lib_a-atexit.o)
 .data          0x00000000200005c4        0x0 /Users/silviobacci/Applications/gcc-arm-none-eabi-5_4-2016q3/arm-none-eabi/lib/thumb/libc.a(lib_a-dtoa.o)
 .data          0x00000000200005c4        0x0 /Users/silviobacci/Applications/gcc-arm-none-eabi-5_4-2016q3/arm-none-eabi/lib/thumb/libc.a(lib_a-fini.o)
 .data          0x00000000200005c4        0x0 /Users/silviobacci/Applications/gcc-arm-none-eabi-5_4-2016q3/arm-none-eabi/lib/thumb/libc.a(lib_a-localeconv.o)
 .data          0x00000000200005c4        0x0 /Users/silviobacci/Applications/gcc-arm-none-eabi-5_4-2016q3/arm-none-eabi/lib/thumb/libc.a(lib_a-mallocr.o)
 .data.__malloc_av_
                0x00000000200005c4      0x408 /Users/silviobacci/Applications/gcc-arm-none-eabi-5_4-2016q3/arm-none-eabi/lib/thumb/libc.a(lib_a-mallocr.o)
                0x00000000200005c4                __malloc_av_
 .data.__malloc_trim_threshold
                0x00000000200009cc        0x4 /Users/silviobacci/Applications/gcc-arm-none-eabi-5_4-2016q3/arm-none-eabi/lib/thumb/libc.a(lib_a-mallocr.o)
                0x00000000200009cc                __malloc_trim_threshold
 .data.__malloc_sbrk_base
                0x00000000200009d0        0x4 /Users/silviobacci/Applications/gcc-arm-none-eabi-5_4-2016q3/arm-none-eabi/lib/thumb/libc.a(lib_a-mallocr.o)
                0x00000000200009d0                __malloc_sbrk_base
 .data          0x00000000200009d4        0x0 /Users/silviobacci/Applications/gcc-arm-none-eabi-5_4-2016q3/arm-none-eabi/lib/thumb/libc.a(lib_a-memchr-stub.o)
 .data          0x00000000200009d4        0x0 /Users/silviobacci/Applications/gcc-arm-none-eabi-5_4-2016q3/arm-none-eabi/lib/thumb/libc.a(lib_a-memcpy-stub.o)
 .data          0x00000000200009d4        0x0 /Users/silviobacci/Applications/gcc-arm-none-eabi-5_4-2016q3/arm-none-eabi/lib/thumb/libc.a(lib_a-mlock.o)
 .data          0x00000000200009d4        0x0 /Users/silviobacci/Applications/gcc-arm-none-eabi-5_4-2016q3/arm-none-eabi/lib/thumb/libc.a(lib_a-mprec.o)
 .data          0x00000000200009d4        0x0 /Users/silviobacci/Applications/gcc-arm-none-eabi-5_4-2016q3/arm-none-eabi/lib/thumb/libc.a(lib_a-sbrkr.o)
 .data          0x00000000200009d4        0x0 /Users/silviobacci/Applications/gcc-arm-none-eabi-5_4-2016q3/arm-none-eabi/lib/thumb/libc.a(lib_a-strlen-stub.o)
 .data          0x00000000200009d4        0x0 /Users/silviobacci/Applications/gcc-arm-none-eabi-5_4-2016q3/arm-none-eabi/lib/thumb/libc.a(lib_a-svfiprintf.o)
 .data          0x00000000200009d4        0x0 /Users/silviobacci/Applications/gcc-arm-none-eabi-5_4-2016q3/arm-none-eabi/lib/thumb/libc.a(lib_a-__atexit.o)
 .data          0x00000000200009d4        0x0 /Users/silviobacci/Applications/gcc-arm-none-eabi-5_4-2016q3/arm-none-eabi/lib/thumb/libc.a(lib_a-callocr.o)
 .data          0x00000000200009d4        0x0 /Users/silviobacci/Applications/gcc-arm-none-eabi-5_4-2016q3/arm-none-eabi/lib/thumb/libc.a(lib_a-freer.o)
 .data          0x00000000200009d4        0x0 /Users/silviobacci/Applications/gcc-arm-none-eabi-5_4-2016q3/arm-none-eabi/lib/thumb/libc.a(lib_a-locale.o)
 .data.__global_locale
                0x00000000200009d4      0x16c /Users/silviobacci/Applications/gcc-arm-none-eabi-5_4-2016q3/arm-none-eabi/lib/thumb/libc.a(lib_a-locale.o)
                0x00000000200009d4                __global_locale
 .data          0x0000000020000b40        0x0 /Users/silviobacci/Applications/gcc-arm-none-eabi-5_4-2016q3/arm-none-eabi/lib/thumb/libc.a(lib_a-mbtowc_r.o)
 .data          0x0000000020000b40        0x0 /Users/silviobacci/Applications/gcc-arm-none-eabi-5_4-2016q3/arm-none-eabi/lib/thumb/libc.a(lib_a-memmove.o)
 .data          0x0000000020000b40        0x0 /Users/silviobacci/Applications/gcc-arm-none-eabi-5_4-2016q3/arm-none-eabi/lib/thumb/libc.a(lib_a-reallocr.o)
 .data          0x0000000020000b40        0x0 /Users/silviobacci/Applications/gcc-arm-none-eabi-5_4-2016q3/arm-none-eabi/lib/thumb/libc.a(lib_a-reent.o)
 .data          0x0000000020000b40        0x0 /Users/silviobacci/Applications/gcc-arm-none-eabi-5_4-2016q3/arm-none-eabi/lib/thumb/libc.a(lib_a-strcmp.o)
 .data          0x0000000020000b40        0x0 /Users/silviobacci/Applications/gcc-arm-none-eabi-5_4-2016q3/arm-none-eabi/lib/thumb/libc.a(lib_a-wctomb_r.o)
 .data          0x0000000020000b40        0x0 /Users/silviobacci/Applications/gcc-arm-none-eabi-5_4-2016q3/arm-none-eabi/lib/thumb/libc.a(lib_a-ctype_.o)
 .data          0x0000000020000b40        0x0 /Users/silviobacci/Applications/gcc-arm-none-eabi-5_4-2016q3/arm-none-eabi/lib/thumb/libm.a(lib_a-s_cos.o)
 .data          0x0000000020000b40        0x0 /Users/silviobacci/Applications/gcc-arm-none-eabi-5_4-2016q3/arm-none-eabi/lib/thumb/libm.a(lib_a-s_sin.o)
 .data          0x0000000020000b40        0x0 /Users/silviobacci/Applications/gcc-arm-none-eabi-5_4-2016q3/arm-none-eabi/lib/thumb/libm.a(lib_a-e_rem_pio2.o)
 .data          0x0000000020000b40        0x0 /Users/silviobacci/Applications/gcc-arm-none-eabi-5_4-2016q3/arm-none-eabi/lib/thumb/libm.a(lib_a-k_cos.o)
 .data          0x0000000020000b40        0x0 /Users/silviobacci/Applications/gcc-arm-none-eabi-5_4-2016q3/arm-none-eabi/lib/thumb/libm.a(lib_a-k_rem_pio2.o)
 .data          0x0000000020000b40        0x0 /Users/silviobacci/Applications/gcc-arm-none-eabi-5_4-2016q3/arm-none-eabi/lib/thumb/libm.a(lib_a-k_sin.o)
 .data          0x0000000020000b40        0x0 /Users/silviobacci/Applications/gcc-arm-none-eabi-5_4-2016q3/arm-none-eabi/lib/thumb/libm.a(lib_a-s_fabs.o)
 .data          0x0000000020000b40        0x0 /Users/silviobacci/Applications/gcc-arm-none-eabi-5_4-2016q3/arm-none-eabi/lib/thumb/libm.a(lib_a-s_floor.o)
 .data          0x0000000020000b40        0x0 /Users/silviobacci/Applications/gcc-arm-none-eabi-5_4-2016q3/arm-none-eabi/lib/thumb/libm.a(lib_a-s_scalbn.o)
 .data          0x0000000020000b40        0x0 /Users/silviobacci/Applications/gcc-arm-none-eabi-5_4-2016q3/arm-none-eabi/lib/thumb/libm.a(lib_a-s_copysign.o)
 .data          0x0000000020000b40        0x0 /Users/silviobacci/Applications/gcc-arm-none-eabi-5_4-2016q3/arm-none-eabi/lib/thumb/libnosys.a(sbrk.o)
 .data          0x0000000020000b40        0x0 /Users/silviobacci/Applications/gcc-arm-none-eabi-5_4-2016q3/bin/../lib/gcc/arm-none-eabi/5.4.1/armv7e-m/libgcc.a(_udivsi3.o)
 .data          0x0000000020000b40        0x0 /Users/silviobacci/Applications/gcc-arm-none-eabi-5_4-2016q3/bin/../lib/gcc/arm-none-eabi/5.4.1/armv7e-m/libgcc.a(_divsi3.o)
 .data          0x0000000020000b40        0x0 /Users/silviobacci/Applications/gcc-arm-none-eabi-5_4-2016q3/bin/../lib/gcc/arm-none-eabi/5.4.1/armv7e-m/libgcc.a(_dvmd_tls.o)
 .data          0x0000000020000b40        0x0 /Users/silviobacci/Applications/gcc-arm-none-eabi-5_4-2016q3/bin/../lib/gcc/arm-none-eabi/5.4.1/armv7e-m/libgcc.a(_arm_unorddf2.o)
 .data          0x0000000020000b40        0x0 /Users/silviobacci/Applications/gcc-arm-none-eabi-5_4-2016q3/bin/../lib/gcc/arm-none-eabi/5.4.1/armv7e-m/libgcc.a(_aeabi_uldivmod.o)
 .data          0x0000000020000b40        0x0 /Users/silviobacci/Applications/gcc-arm-none-eabi-5_4-2016q3/bin/../lib/gcc/arm-none-eabi/5.4.1/armv7e-m/libgcc.a(_udivmoddi4.o)
 .data          0x0000000020000b40        0x0 /Users/silviobacci/Applications/gcc-arm-none-eabi-5_4-2016q3/bin/../lib/gcc/arm-none-eabi/5.4.1/armv7e-m/crtend.o
 .data          0x0000000020000b40        0x0 /Users/silviobacci/Applications/gcc-arm-none-eabi-5_4-2016q3/bin/../lib/gcc/arm-none-eabi/5.4.1/armv7e-m/crtn.o
                0x0000000020000b40                . = ALIGN (0x4)
                0x0000000020000b40                PROVIDE (__preinit_array_start, .)
 *(.preinit_array)
                0x0000000020000b40                PROVIDE (__preinit_array_end, .)
                0x0000000020000b40                . = ALIGN (0x4)
                0x0000000020000b40                PROVIDE (__init_array_start, .)
 *(SORT(.init_array.*))
 .init_array.00000
                0x0000000020000b40        0x4 /Users/silviobacci/Applications/gcc-arm-none-eabi-5_4-2016q3/arm-none-eabi/lib/thumb/libc.a(lib_a-__call_atexit.o)
 *(.init_array)
 .init_array    0x0000000020000b44        0x4 /Users/silviobacci/Applications/gcc-arm-none-eabi-5_4-2016q3/bin/../lib/gcc/arm-none-eabi/5.4.1/armv7e-m/crtbegin.o
                0x0000000020000b48                PROVIDE (__init_array_end, .)
                0x0000000020000b48                . = ALIGN (0x4)
                0x0000000020000b48                PROVIDE (__fini_array_start, .)
 *(SORT(.fini_array.*))
 *(.fini_array)
 .fini_array    0x0000000020000b48        0x4 /Users/silviobacci/Applications/gcc-arm-none-eabi-5_4-2016q3/bin/../lib/gcc/arm-none-eabi/5.4.1/armv7e-m/crtbegin.o
                0x0000000020000b4c                PROVIDE (__fini_array_end, .)
 *(.jcr*)
 .jcr           0x0000000020000b4c        0x0 /Users/silviobacci/Applications/gcc-arm-none-eabi-5_4-2016q3/bin/../lib/gcc/arm-none-eabi/5.4.1/armv7e-m/crtbegin.o
 .jcr           0x0000000020000b4c        0x4 /Users/silviobacci/Applications/gcc-arm-none-eabi-5_4-2016q3/bin/../lib/gcc/arm-none-eabi/5.4.1/armv7e-m/crtend.o
                0x0000000020000b50                . = ALIGN (0x4)
                0x0000000020000b50                __data_end__ = .

.igot.plt       0x0000000020000b50        0x0 load address 0x0000000008047fd4
 .igot.plt      0x0000000020000b50        0x0 /Users/silviobacci/Applications/gcc-arm-none-eabi-5_4-2016q3/bin/../lib/gcc/arm-none-eabi/5.4.1/armv7e-m/crtbegin.o

.bss            0x0000000020000b50      0x128 load address 0x0000000008047fd4
                0x0000000020000b50                . = ALIGN (0x4)
                0x0000000020000b50                __bss_start__ = .
 *(.bss*)
 .bss           0x0000000020000b50        0x0 /Users/silviobacci/Applications/gcc-arm-none-eabi-5_4-2016q3/bin/../lib/gcc/arm-none-eabi/5.4.1/armv7e-m/crti.o
 .bss           0x0000000020000b50       0x1c /Users/silviobacci/Applications/gcc-arm-none-eabi-5_4-2016q3/bin/../lib/gcc/arm-none-eabi/5.4.1/armv7e-m/crtbegin.o
 .bss           0x0000000020000b6c        0x0 /Users/silviobacci/Applications/gcc-arm-none-eabi-5_4-2016q3/bin/../lib/gcc/arm-none-eabi/5.4.1/../../../../arm-none-eabi/lib/armv7e-m/crt0.o
 .bss           0x0000000020000b6c        0x0 obj/Event.o
 .bss           0x0000000020000b6c        0x4 obj/STMPE811QTR.o
 .bss           0x0000000020000b70        0x0 obj/StopWatch2016.o
 .bss           0x0000000020000b70        0x0 obj/Touch.o
 .bss           0x0000000020000b70        0x4 obj/Watch.o
 .bss           0x0000000020000b74        0x0 obj/Widget.o
 .bss           0x0000000020000b74        0x0 obj/WidgetConfig.o
 .bss           0x0000000020000b74        0x6 obj/code.o
 .bss           0x0000000020000b7a        0x0 obj/debug.o
 *fill*         0x0000000020000b7a        0x2 
 .bss           0x0000000020000b7c        0x4 obj/eecfg.o
                0x0000000020000b7c                EE_sys_ceiling
 .bss           0x0000000020000b80        0x0 obj/pictures.o
 .bss           0x0000000020000b80        0x0 obj/pkg/mcu/st_stm32_stm32f4xx/src/startup_stm32f4xx_gnu.o
 .bss           0x0000000020000b80        0x0 obj/pkg/mcu/st_stm32_stm32f4xx/src/system_stm32f4xx.o
 .bss           0x0000000020000b80        0x0 libee.a(ee_hal_structs.o)
 .bss           0x0000000020000b80        0x0 libee.a(ee_utils.o)
 .bss           0x0000000020000b80        0x0 libee.a(ee_gnu_change_context_isr.o)
 .bss           0x0000000020000b80        0x0 libee.a(ee_irqendin.o)
 .bss           0x0000000020000b80        0x0 libee.a(ee_tstub.o)
 .bss           0x0000000020000b80        0x0 libee.a(ee_lookup.o)
 .bss           0x0000000020000b80        0x0 libee.a(ee_rq_exchg.o)
 .bss           0x0000000020000b80        0x0 libee.a(ee_alsetrel.o)
 .bss           0x0000000020000b80        0x0 libee.a(ee_altick.o)
 .bss           0x0000000020000b80        0x0 libee.a(ee_context.o)
 .bss           0x0000000020000b80        0x0 libee.a(ee_gnu_oo.o)
 .bss           0x0000000020000b80        0x0 libee.a(ee_tnterm.o)
 .bss           0x0000000020000b80        0x0 libee.a(ee_rq_inser.o)
 .bss           0x0000000020000b80        0x0 libee.a(ee_context.o)
 .bss           0x0000000020000b80        0x0 libee.a(ee_thendin.o)
 .bss           0x0000000020000b80        0x6 libstm32f4discovery.a(stm32f4_discovery_lcd.o)
 .bss           0x0000000020000b86        0x0 libstm32f4xxspd.a(stm32f4xx_dma.o)
 .bss           0x0000000020000b86        0x0 libstm32f4xxspd.a(stm32f4xx_fsmc.o)
 .bss           0x0000000020000b86        0x0 libstm32f4xxspd.a(stm32f4xx_gpio.o)
 .bss           0x0000000020000b86        0x0 libstm32f4xxspd.a(stm32f4xx_i2c.o)
 .bss           0x0000000020000b86        0x0 libstm32f4xxspd.a(stm32f4xx_rcc.o)
 .bss           0x0000000020000b86        0x0 /Users/silviobacci/Applications/gcc-arm-none-eabi-5_4-2016q3/bin/../lib/gcc/arm-none-eabi/5.4.1/armv7e-m/libgcc.a(_arm_addsubdf3.o)
 .bss           0x0000000020000b86        0x0 /Users/silviobacci/Applications/gcc-arm-none-eabi-5_4-2016q3/bin/../lib/gcc/arm-none-eabi/5.4.1/armv7e-m/libgcc.a(_arm_muldivdf3.o)
 .bss           0x0000000020000b86        0x0 /Users/silviobacci/Applications/gcc-arm-none-eabi-5_4-2016q3/bin/../lib/gcc/arm-none-eabi/5.4.1/armv7e-m/libgcc.a(_arm_cmpdf2.o)
 .bss           0x0000000020000b86        0x0 /Users/silviobacci/Applications/gcc-arm-none-eabi-5_4-2016q3/bin/../lib/gcc/arm-none-eabi/5.4.1/armv7e-m/libgcc.a(_arm_fixdfsi.o)
 .bss           0x0000000020000b86        0x0 /Users/silviobacci/Applications/gcc-arm-none-eabi-5_4-2016q3/bin/../lib/gcc/arm-none-eabi/5.4.1/armv7e-m/libgcc.a(_arm_fixunsdfsi.o)
 .bss           0x0000000020000b86        0x0 /Users/silviobacci/Applications/gcc-arm-none-eabi-5_4-2016q3/bin/../lib/gcc/arm-none-eabi/5.4.1/armv7e-m/libgcc.a(_arm_truncdfsf2.o)
 .bss           0x0000000020000b86        0x0 /Users/silviobacci/Applications/gcc-arm-none-eabi-5_4-2016q3/bin/../lib/gcc/arm-none-eabi/5.4.1/armv7e-m/libgcc.a(_arm_addsubsf3.o)
 .bss           0x0000000020000b86        0x0 /Users/silviobacci/Applications/gcc-arm-none-eabi-5_4-2016q3/bin/../lib/gcc/arm-none-eabi/5.4.1/armv7e-m/libgcc.a(_arm_muldivsf3.o)
 .bss           0x0000000020000b86        0x0 /Users/silviobacci/Applications/gcc-arm-none-eabi-5_4-2016q3/bin/../lib/gcc/arm-none-eabi/5.4.1/armv7e-m/libgcc.a(_arm_fixsfsi.o)
 .bss           0x0000000020000b86        0x0 /Users/silviobacci/Applications/gcc-arm-none-eabi-5_4-2016q3/bin/../lib/gcc/arm-none-eabi/5.4.1/armv7e-m/libgcc.a(_arm_fixunssfsi.o)
 .bss           0x0000000020000b86        0x0 /Users/silviobacci/Applications/gcc-arm-none-eabi-5_4-2016q3/arm-none-eabi/lib/thumb/libc.a(lib_a-exit.o)
 .bss           0x0000000020000b86        0x0 /Users/silviobacci/Applications/gcc-arm-none-eabi-5_4-2016q3/arm-none-eabi/lib/thumb/libc.a(lib_a-impure.o)
 .bss           0x0000000020000b86        0x0 /Users/silviobacci/Applications/gcc-arm-none-eabi-5_4-2016q3/arm-none-eabi/lib/thumb/libc.a(lib_a-init.o)
 .bss           0x0000000020000b86        0x0 /Users/silviobacci/Applications/gcc-arm-none-eabi-5_4-2016q3/arm-none-eabi/lib/thumb/libc.a(lib_a-memset.o)
 .bss           0x0000000020000b86        0x0 /Users/silviobacci/Applications/gcc-arm-none-eabi-5_4-2016q3/arm-none-eabi/lib/thumb/libc.a(lib_a-sprintf.o)
 .bss           0x0000000020000b86        0x0 /Users/silviobacci/Applications/gcc-arm-none-eabi-5_4-2016q3/arm-none-eabi/lib/thumb/libc.a(lib_a-svfprintf.o)
 .bss           0x0000000020000b86        0x0 /Users/silviobacci/Applications/gcc-arm-none-eabi-5_4-2016q3/arm-none-eabi/lib/thumb/libc.a(lib_a-__call_atexit.o)
 .bss           0x0000000020000b86        0x0 /Users/silviobacci/Applications/gcc-arm-none-eabi-5_4-2016q3/arm-none-eabi/lib/thumb/libc.a(lib_a-atexit.o)
 .bss           0x0000000020000b86        0x0 /Users/silviobacci/Applications/gcc-arm-none-eabi-5_4-2016q3/arm-none-eabi/lib/thumb/libc.a(lib_a-dtoa.o)
 .bss           0x0000000020000b86        0x0 /Users/silviobacci/Applications/gcc-arm-none-eabi-5_4-2016q3/arm-none-eabi/lib/thumb/libc.a(lib_a-fini.o)
 .bss           0x0000000020000b86        0x0 /Users/silviobacci/Applications/gcc-arm-none-eabi-5_4-2016q3/arm-none-eabi/lib/thumb/libc.a(lib_a-localeconv.o)